Component: ARM Compiler 5.06 update 4 (build 422) Tool: armlink [4d35d2]

==============================================================================

Section Cross References

    startup_stm32f103xe.o(STACK) refers (Special) to heapauxi.o(.text) for __use_two_region_memory
    startup_stm32f103xe.o(HEAP) refers (Special) to heapauxi.o(.text) for __use_two_region_memory
    startup_stm32f103xe.o(RESET) refers (Special) to heapauxi.o(.text) for __use_two_region_memory
    startup_stm32f103xe.o(RESET) refers to startup_stm32f103xe.o(STACK) for __initial_sp
    startup_stm32f103xe.o(RESET) refers to startup_stm32f103xe.o(.text) for Reset_Handler
    startup_stm32f103xe.o(RESET) refers to stm32f1xx_it.o(i.NMI_Handler) for NMI_Handler
    startup_stm32f103xe.o(RESET) refers to stm32f1xx_it.o(i.HardFault_Handler) for HardFault_Handler
    startup_stm32f103xe.o(RESET) refers to stm32f1xx_it.o(i.MemManage_Handler) for MemManage_Handler
    startup_stm32f103xe.o(RESET) refers to stm32f1xx_it.o(i.BusFault_Handler) for BusFault_Handler
    startup_stm32f103xe.o(RESET) refers to stm32f1xx_it.o(i.UsageFault_Handler) for UsageFault_Handler
    startup_stm32f103xe.o(RESET) refers to stm32f1xx_it.o(i.SVC_Handler) for SVC_Handler
    startup_stm32f103xe.o(RESET) refers to stm32f1xx_it.o(i.DebugMon_Handler) for DebugMon_Handler
    startup_stm32f103xe.o(RESET) refers to stm32f1xx_it.o(i.PendSV_Handler) for PendSV_Handler
    startup_stm32f103xe.o(RESET) refers to stm32f1xx_it.o(i.SysTick_Handler) for SysTick_Handler
    startup_stm32f103xe.o(RESET) refers to stm32f1xx_it.o(i.DMA1_Channel2_IRQHandler) for DMA1_Channel2_IRQHandler
    startup_stm32f103xe.o(RESET) refers to stm32f1xx_it.o(i.DMA1_Channel4_IRQHandler) for DMA1_Channel4_IRQHandler
    startup_stm32f103xe.o(RESET) refers to stm32f1xx_it.o(i.USART1_IRQHandler) for USART1_IRQHandler
    startup_stm32f103xe.o(RESET) refers to stm32f1xx_it.o(i.USART3_IRQHandler) for USART3_IRQHandler
    startup_stm32f103xe.o(RESET) refers to stm32f1xx_it.o(i.TIM6_IRQHandler) for TIM6_IRQHandler
    startup_stm32f103xe.o(RESET) refers to stm32f1xx_it.o(i.TIM7_IRQHandler) for TIM7_IRQHandler
    startup_stm32f103xe.o(.text) refers (Special) to heapauxi.o(.text) for __use_two_region_memory
    startup_stm32f103xe.o(.text) refers to system_stm32f1xx.o(i.SystemInit) for SystemInit
    startup_stm32f103xe.o(.text) refers to __main.o(!!!main) for __main
    startup_stm32f103xe.o(.text) refers to startup_stm32f103xe.o(HEAP) for Heap_Mem
    startup_stm32f103xe.o(.text) refers to startup_stm32f103xe.o(STACK) for Stack_Mem
    system_stm32f1xx.o(i.SystemCoreClockUpdate) refers to system_stm32f1xx.o(.data) for SystemCoreClock
    system_stm32f1xx.o(i.SystemCoreClockUpdate) refers to system_stm32f1xx.o(.constdata) for AHBPrescTable
    stm32f1xx_hal_spi.o(i.HAL_SPI_Abort) refers to stm32f1xx_hal_dma.o(i.HAL_DMA_Abort) for HAL_DMA_Abort
    stm32f1xx_hal_spi.o(i.HAL_SPI_Abort) refers to system_stm32f1xx.o(.data) for SystemCoreClock
    stm32f1xx_hal_spi.o(i.HAL_SPI_Abort) refers to stm32f1xx_hal_spi.o(i.SPI_AbortTx_ISR) for SPI_AbortTx_ISR
    stm32f1xx_hal_spi.o(i.HAL_SPI_Abort) refers to stm32f1xx_hal_spi.o(i.SPI_AbortRx_ISR) for SPI_AbortRx_ISR
    stm32f1xx_hal_spi.o(i.HAL_SPI_Abort_IT) refers to stm32f1xx_hal_dma.o(i.HAL_DMA_Abort_IT) for HAL_DMA_Abort_IT
    stm32f1xx_hal_spi.o(i.HAL_SPI_Abort_IT) refers to stm32f1xx_hal_spi.o(i.HAL_SPI_AbortCpltCallback) for HAL_SPI_AbortCpltCallback
    stm32f1xx_hal_spi.o(i.HAL_SPI_Abort_IT) refers to stm32f1xx_hal_spi.o(i.SPI_AbortTx_ISR) for SPI_AbortTx_ISR
    stm32f1xx_hal_spi.o(i.HAL_SPI_Abort_IT) refers to stm32f1xx_hal_spi.o(i.SPI_AbortRx_ISR) for SPI_AbortRx_ISR
    stm32f1xx_hal_spi.o(i.HAL_SPI_Abort_IT) refers to stm32f1xx_hal_spi.o(i.SPI_DMATxAbortCallback) for SPI_DMATxAbortCallback
    stm32f1xx_hal_spi.o(i.HAL_SPI_Abort_IT) refers to stm32f1xx_hal_spi.o(i.SPI_DMARxAbortCallback) for SPI_DMARxAbortCallback
    stm32f1xx_hal_spi.o(i.HAL_SPI_DMAStop) refers to stm32f1xx_hal_dma.o(i.HAL_DMA_Abort) for HAL_DMA_Abort
    stm32f1xx_hal_spi.o(i.HAL_SPI_DeInit) refers to spi.o(i.HAL_SPI_MspDeInit) for HAL_SPI_MspDeInit
    stm32f1xx_hal_spi.o(i.HAL_SPI_IRQHandler) refers to stm32f1xx_hal_dma.o(i.HAL_DMA_Abort_IT) for HAL_DMA_Abort_IT
    stm32f1xx_hal_spi.o(i.HAL_SPI_IRQHandler) refers to device.o(i.HAL_SPI_ErrorCallback) for HAL_SPI_ErrorCallback
    stm32f1xx_hal_spi.o(i.HAL_SPI_IRQHandler) refers to stm32f1xx_hal_spi.o(i.SPI_DMAAbortOnError) for SPI_DMAAbortOnError
    stm32f1xx_hal_spi.o(i.HAL_SPI_Init) refers to spi.o(i.HAL_SPI_MspInit) for HAL_SPI_MspInit
    stm32f1xx_hal_spi.o(i.HAL_SPI_Receive) refers to stm32f1xx_hal_spi.o(i.HAL_SPI_TransmitReceive) for HAL_SPI_TransmitReceive
    stm32f1xx_hal_spi.o(i.HAL_SPI_Receive) refers to stm32f1xx_hal.o(i.HAL_GetTick) for HAL_GetTick
    stm32f1xx_hal_spi.o(i.HAL_SPI_Receive_DMA) refers to stm32f1xx_hal_spi.o(i.HAL_SPI_TransmitReceive_DMA) for HAL_SPI_TransmitReceive_DMA
[...]
    i.CheckSectionBegin                      0x08000422   Section        0  parseframe.o(i.CheckSectionBegin)
    i.CheckSectionEnd                        0x08000432   Section        0  parseframe.o(i.CheckSectionEnd)
    i.ClearCircularBuffer                    0x08000460   Section        0  global.o(i.ClearCircularBuffer)
    i.ClearFrameConstructor                  0x08000484   Section        0  parseframe.o(i.ClearFrameConstructor)
    i.ClearParseParam                        0x08000494   Section        0  parseframe.o(i.ClearParseParam)
    i.DMA1_Channel2_IRQHandler               0x080004bc   Section        0  stm32f1xx_it.o(i.DMA1_Channel2_IRQHandler)
    i.DMA1_Channel4_IRQHandler               0x080004cc   Section        0  stm32f1xx_it.o(i.DMA1_Channel4_IRQHandler)
    i.DMA_SetConfig                          0x080004dc   Section        0  stm32f1xx_hal_dma.o(i.DMA_SetConfig)
    DMA_SetConfig                            0x080004dd   Thumb Code    44  stm32f1xx_hal_dma.o(i.DMA_SetConfig)
    i.Data_Store                             0x08000508   Section        0  rs485.o(i.Data_Store)
    i.DebugMon_Handler                       0x08000690   Section        0  stm32f1xx_it.o(i.DebugMon_Handler)
    i.FrameBegin                             0x08000692   Section        0  parseframe.o(i.FrameBegin)
    i.FrameEnd                               0x080006a0   Section        0  parseframe.o(i.FrameEnd)
    i.GetDoubleBuffer                        0x080006ae   Section        0  global.o(i.GetDoubleBuffer)
    i.GetDoubleBufferLength                  0x080006b8   Section        0  global.o(i.GetDoubleBufferLength)
    i.HAL_DMA_Abort_IT                       0x080006c8   Section        0  stm32f1xx_hal_dma.o(i.HAL_DMA_Abort_IT)
    i.HAL_DMA_IRQHandler                     0x08000870   Section        0  stm32f1xx_hal_dma.o(i.HAL_DMA_IRQHandler)
    i.HAL_DMA_Init                           0x08000c08   Section        0  stm32f1xx_hal_dma.o(i.HAL_DMA_Init)
    i.HAL_DMA_Start_IT                       0x08000c9c   Section        0  stm32f1xx_hal_dma.o(i.HAL_DMA_Start_IT)
    i.HAL_Delay                              0x08000d38   Section        0  stm32f1xx_hal.o(i.HAL_Delay)
    i.HAL_GPIO_Init                          0x08000d60   Section        0  stm32f1xx_hal_gpio.o(i.HAL_GPIO_Init)
    i.HAL_GPIO_ReadPin                       0x080010a0   Section        0  stm32f1xx_hal_gpio.o(i.HAL_GPIO_ReadPin)
    i.HAL_GPIO_TogglePin                     0x080010b0   Section        0  stm32f1xx_hal_gpio.o(i.HAL_GPIO_TogglePin)
    i.HAL_GPIO_WritePin                      0x080010b8   Section        0  stm32f1xx_hal_gpio.o(i.HAL_GPIO_WritePin)
    i.HAL_GetTick                            0x080010c4   Section        0  stm32f1xx_hal.o(i.HAL_GetTick)
    i.HAL_IncTick                            0x080010d0   Section        0  stm32f1xx_hal.o(i.HAL_IncTick)
    i.HAL_Init                               0x080010e8   Section        0  stm32f1xx_hal.o(i.HAL_Init)
    i.HAL_InitTick                           0x08001110   Section        0  stm32f1xx_hal.o(i.HAL_InitTick)
    i.HAL_MspInit                            0x0800115c   Section        0  stm32f1xx_hal_msp.o(i.HAL_MspInit)
    i.HAL_NVIC_EnableIRQ                     0x08001204   Section        0  stm32f1xx_hal_cortex.o(i.HAL_NVIC_EnableIRQ)
    i.HAL_NVIC_SetPriority                   0x0800121e   Section        0  stm32f1xx_hal_cortex.o(i.HAL_NVIC_SetPriority)
    i.HAL_NVIC_SetPriorityGrouping           0x0800129c   Section        0  stm32f1xx_hal_cortex.o(i.HAL_NVIC_SetPriorityGrouping)
    i.HAL_RCC_ClockConfig                    0x080012c4   Section        0  stm32f1xx_hal_rcc.o(i.HAL_RCC_ClockConfig)
    i.HAL_RCC_GetHCLKFreq                    0x08001468   Section        0  stm32f1xx_hal_rcc.o(i.HAL_RCC_GetHCLKFreq)
    i.HAL_RCC_GetPCLK1Freq                   0x08001474   Section        0  stm32f1xx_hal_rcc.o(i.HAL_RCC_GetPCLK1Freq)
    i.HAL_RCC_GetPCLK2Freq                   0x08001494   Section        0  stm32f1xx_hal_rcc.o(i.HAL_RCC_GetPCLK2Freq)
    i.HAL_RCC_GetSysClockFreq                0x080014b4   Section        0  stm32f1xx_hal_rcc.o(i.HAL_RCC_GetSysClockFreq)
    i.HAL_RCC_OscConfig                      0x08001548   Section        0  stm32f1xx_hal_rcc.o(i.HAL_RCC_OscConfig)
    i.HAL_SPI_Init                           0x08001988   Section        0  stm32f1xx_hal_spi_ex.o(i.HAL_SPI_Init)
    i.HAL_SPI_MspInit                        0x08001a10   Section        0  spi.o(i.HAL_SPI_MspInit)
    i.HAL_SPI_Receive                        0x08001a70   Section        0  stm32f1xx_hal_spi.o(i.HAL_SPI_Receive)
    i.HAL_SPI_Transmit                       0x08001bdc   Section        0  stm32f1xx_hal_spi.o(i.HAL_SPI_Transmit)
    i.HAL_SPI_TransmitReceive                0x08001d82   Section        0  stm32f1xx_hal_spi.o(i.HAL_SPI_TransmitReceive)
    i.HAL_SYSTICK_CLKSourceConfig            0x08001fa0   Section        0  stm32f1xx_hal_cortex.o(i.HAL_SYSTICK_CLKSourceConfig)
    i.HAL_SYSTICK_Callback                   0x08001fc8   Section        0  stm32f1xx_hal_cortex.o(i.HAL_SYSTICK_Callback)
    i.HAL_SYSTICK_Config                     0x08001fca   Section        0  stm32f1xx_hal_cortex.o(i.HAL_SYSTICK_Config)
    i.HAL_SYSTICK_IRQHandler                 0x08001ffe   Section        0  stm32f1xx_hal_cortex.o(i.HAL_SYSTICK_IRQHandler)
    i.HAL_TIMEx_BreakCallback                0x08002006   Section        0  stm32f1xx_hal_tim_ex.o(i.HAL_TIMEx_BreakCallback)
    i.HAL_TIMEx_CommutationCallback          0x08002008   Section        0  stm32f1xx_hal_tim_ex.o(i.HAL_TIMEx_CommutationCallback)
    i.HAL_TIMEx_MasterConfigSynchronization  0x0800200a   Section        0  stm32f1xx_hal_tim_ex.o(i.HAL_TIMEx_MasterConfigSynchronization)
    i.HAL_TIM_Base_Init                      0x0800206c   Section        0  stm32f1xx_hal_tim.o(i.HAL_TIM_Base_Init)
    i.HAL_TIM_Base_MspInit                   0x080020a0   Section        0  tim.o(i.HAL_TIM_Base_MspInit)
    i.HAL_TIM_Base_Start_IT                  0x0800211c   Section        0  stm32f1xx_hal_tim.o(i.HAL_TIM_Base_Start_IT)
    i.HAL_TIM_IC_CaptureCallback             0x0800213a   Section        0  stm32f1xx_hal_tim.o(i.HAL_TIM_IC_CaptureCallback)
    i.HAL_TIM_IRQHandler                     0x0800213c   Section        0  stm32f1xx_hal_tim.o(i.HAL_TIM_IRQHandler)
    i.HAL_TIM_OC_DelayElapsedCallback        0x080022d2   Section        0  stm32f1xx_hal_tim.o(i.HAL_TIM_OC_DelayElapsedCallback)
    i.HAL_TIM_PWM_PulseFinishedCallback      0x080022d4   Section        0  stm32f1xx_hal_tim.o(i.HAL_TIM_PWM_PulseFinishedCallback)
    i.HAL_TIM_PeriodElapsedCallback          0x080022d8   Section        0  device.o(i.HAL_TIM_PeriodElapsedCallback)
    i.HAL_TIM_TriggerCallback                0x080023c8   Section        0  stm32f1xx_hal_tim.o(i.HAL_TIM_TriggerCallback)
    i.HAL_UART_ErrorCallback                 0x080023cc   Section        0  device.o(i.HAL_UART_ErrorCallback)
    i.HAL_UART_GetError                      0x08002434   Section        0  stm32f1xx_hal_uart.o(i.HAL_UART_GetError)
    i.HAL_UART_IRQHandler                    0x0800243c   Section        0  stm32f1xx_hal_uart.o(i.HAL_UART_IRQHandler)
    i.HAL_UART_Init                          0x08002588   Section        0  stm32f1xx_hal_uart.o(i.HAL_UART_Init)
    i.HAL_UART_MspInit                       0x080025fc   Section        0  usart.o(i.HAL_UART_MspInit)
    i.HAL_UART_Receive_IT                    0x08002760   Section        0  stm32f1xx_hal_uart.o(i.HAL_UART_Receive_IT)
    i.HAL_UART_RxCpltCallback                0x080027d0   Section        0  device.o(i.HAL_UART_RxCpltCallback)
    i.HAL_UART_Transmit_DMA                  0x08002808   Section        0  stm32f1xx_hal_uart.o(i.HAL_UART_Transmit_DMA)
    i.HAL_UART_Transmit_IT                   0x080028a4   Section        0  stm32f1xx_hal_uart.o(i.HAL_UART_Transmit_IT)
    i.HAL_UART_TxCpltCallback                0x080028fc   Section        0  device.o(i.HAL_UART_TxCpltCallback)
    i.HAL_UART_TxHalfCpltCallback            0x08002940   Section        0  stm32f1xx_hal_uart.o(i.HAL_UART_TxHalfCpltCallback)
    i.HardFault_Handler                      0x08002942   Section        0  stm32f1xx_it.o(i.HardFault_Handler)
    i.HeartPulse                             0x08002948   Section        0  mainentry.o(i.HeartPulse)
    i.I2C_Ack                                0x08002974   Section        0  dvc_at24c01_noinout.o(i.I2C_Ack)
    I2C_Ack                                  0x08002975   Thumb Code    70  dvc_at24c01_noinout.o(i.I2C_Ack)
    i.I2C_BufferWrite                        0x080029c4   Section        0  dvc_at24c01_noinout.o(i.I2C_BufferWrite)
    i.I2C_NoAck                              0x08002a24   Section        0  dvc_at24c01_noinout.o(i.I2C_NoAck)
    I2C_NoAck                                0x08002a25   Thumb Code    60  dvc_at24c01_noinout.o(i.I2C_NoAck)
    i.I2C_PageWrite                          0x08002a68   Section        0  dvc_at24c01_noinout.o(i.I2C_PageWrite)
    i.I2C_ReadByte                           0x08002bba   Section        0  dvc_at24c01_noinout.o(i.I2C_ReadByte)
    i.I2C_ReceiveByte                        0x08002c2c   Section        0  dvc_at24c01_noinout.o(i.I2C_ReceiveByte)
    I2C_ReceiveByte                          0x08002c2d   Thumb Code    88  dvc_at24c01_noinout.o(i.I2C_ReceiveByte)
    i.I2C_SendByte                           0x08002c8c   Section        0  dvc_at24c01_noinout.o(i.I2C_SendByte)
    I2C_SendByte                             0x08002c8d   Thumb Code    94  dvc_at24c01_noinout.o(i.I2C_SendByte)
    i.I2C_Start                              0x08002cf4   Section        0  dvc_at24c01_noinout.o(i.I2C_Start)
    I2C_Start                                0x08002cf5   Thumb Code    86  dvc_at24c01_noinout.o(i.I2C_Start)
    i.I2C_Stop                               0x08002d54   Section        0  dvc_at24c01_noinout.o(i.I2C_Stop)
    I2C_Stop                                 0x08002d55   Thumb Code    60  dvc_at24c01_noinout.o(i.I2C_Stop)
    i.I2C_WaitAck                            0x08002d98   Section        0  dvc_at24c01_noinout.o(i.I2C_WaitAck)
    I2C_WaitAck                              0x08002d99   Thumb Code    96  dvc_at24c01_noinout.o(i.I2C_WaitAck)
    i.I2C_delay                              0x08002e00   Section        0  dvc_at24c01_noinout.o(i.I2C_delay)
    I2C_delay                                0x08002e01   Thumb Code    14  dvc_at24c01_noinout.o(i.I2C_delay)
    i.ICM20602_DevieceSPI_ReadBytes          0x08002e10   Section        0  dvc_icm20602.o(i.ICM20602_DevieceSPI_ReadBytes)
    i.ICM20602_DevieceSPI_ReadOneByte        0x08002e60   Section        0  dvc_icm20602.o(i.ICM20602_DevieceSPI_ReadOneByte)
    i.ICM20602_DevieceSPI_WriteOneByte       0x08002ea4   Section        0  dvc_icm20602.o(i.ICM20602_DevieceSPI_WriteOneByte)
    i.ICM20602_Init                          0x08002ee8   Section        0  dvc_icm20602.o(i.ICM20602_Init)
    i.ICM20602_READ_Imu                      0x08002f76   Section        0  dvc_icm20602.o(i.ICM20602_READ_Imu)
    i.InitDevice                             0x08002ffc   Section        0  device.o(i.InitDevice)
    i.InitFrameParse                         0x08003140   Section        0  parseframe.o(i.InitFrameParse)
    i.InitMessage                            0x0800316c   Section        0  message.o(i.InitMessage)
    i.LED_Toggle                             0x080031a8   Section        0  enhancedstm32.o(i.LED_Toggle)
    i.LED_TurnOnAll                          0x080031d8   Section        0  enhancedstm32.o(i.LED_TurnOnAll)
    i.LengthSectionBegin                     0x08003208   Section        0  parseframe.o(i.LengthSectionBegin)
    i.LengthSectionEnd                       0x08003218   Section        0  parseframe.o(i.LengthSectionEnd)
    i.MX_DMA_Init                            0x08003244   Section        0  dma.o(i.MX_DMA_Init)
    i.MX_GPIO_Init                           0x08003288   Section        0  gpio.o(i.MX_GPIO_Init)
    i.MX_SPI1_Init                           0x080033a8   Section        0  spi.o(i.MX_SPI1_Init)
    i.MX_TIM6_Init                           0x08003400   Section        0  tim.o(i.MX_TIM6_Init)
    i.MX_TIM7_Init                           0x0800345c   Section        0  tim.o(i.MX_TIM7_Init)
    i.MX_USART1_UART_Init                    0x080034b8   Section        0  usart.o(i.MX_USART1_UART_Init)
    i.MX_USART3_UART_Init                    0x08003504   Section        0  usart.o(i.MX_USART3_UART_Init)
    i.MainEntry                              0x08003550   Section        0  mainentry.o(i.MainEntry)
    i.MarkLengthPosition                     0x08003698   Section        0  parseframe.o(i.MarkLengthPosition)
    i.MemManage_Handler                      0x080036c2   Section        0  stm32f1xx_it.o(i.MemManage_Handler)
    i.NMI_Handler                            0x080036c6   Section        0  stm32f1xx_it.o(i.NMI_Handler)
    i.NVIC_GetPriorityGrouping               0x080036c8   Section        0  stm32f1xx_hal_cortex.o(i.NVIC_GetPriorityGrouping)
    NVIC_GetPriorityGrouping                 0x080036c9   Thumb Code    10  stm32f1xx_hal_cortex.o(i.NVIC_GetPriorityGrouping)
    i.NVIC_SetPriority                       0x080036d8   Section        0  stm32f1xx_hal_cortex.o(i.NVIC_SetPriority)
    NVIC_SetPriority                         0x080036d9   Thumb Code    32  stm32f1xx_hal_cortex.o(i.NVIC_SetPriority)
    i.ParseFrame                             0x08003700   Section        0  parseframe.o(i.ParseFrame)
    i.ParseFrameByte                         0x0800373e   Section        0  parseframe.o(i.ParseFrameByte)
    i.ParseFrameUsart1                       0x08003a38   Section        0  message.o(i.ParseFrameUsart1)
    i.ParseFrameUsart3                       0x08003a50   Section        0  message.o(i.ParseFrameUsart3)
    i.PendSV_Handler                         0x08003a68   Section        0  stm32f1xx_it.o(i.PendSV_Handler)
    i.PopCircularBuffer                      0x08003a6a   Section        0  global.o(i.PopCircularBuffer)
    i.PushBytesDoubleBuffer                  0x08003abc   Section        0  global.o(i.PushBytesDoubleBuffer)
    i.PushCircularBuffer                     0x08003ad8   Section        0  global.o(i.PushCircularBuffer)
    i.PushDoubleBuffer                       0x08003b90   Section        0  global.o(i.PushDoubleBuffer)
    i.PushWordDoubleBuffer                   0x08003bd2   Section        0  global.o(i.PushWordDoubleBuffer)
    i.QSENS_BinFrameCheck                    0x08003bea   Section        0  msg_qsens.o(i.QSENS_BinFrameCheck)
    i.QSENS_BinFrameLength                   0x08003c10   Section        0  msg_qsens.o(i.QSENS_BinFrameLength)
    i.QSENS_BinFrameParse                    0x08003c24   Section        0  msg_qsens.o(i.QSENS_BinFrameParse)
    i.QSENS_BinInit                          0x08003d3c   Section        0  msg_qsens.o(i.QSENS_BinInit)
    i.QSENS_MakeImuFrame2                    0x08003d60   Section        0  msg_qsens.o(i.QSENS_MakeImuFrame2)
    i.RCC_Delay                              0x08003df0   Section        0  stm32f1xx_hal_rcc.o(i.RCC_Delay)
    RCC_Delay                                0x08003df1   Thumb Code    36  stm32f1xx_hal_rcc.o(i.RCC_Delay)
    i.RecieveInputStream_IT                  0x08003e18   Section        0  enhancedstm32.o(i.RecieveInputStream_IT)
    i.SPI_CheckFlag_BSY                      0x08003e3c   Section        0  stm32f1xx_hal_spi.o(i.SPI_CheckFlag_BSY)
    SPI_CheckFlag_BSY                        0x08003e3d   Thumb Code    40  stm32f1xx_hal_spi.o(i.SPI_CheckFlag_BSY)
    i.SPI_WaitFlagStateUntilTimeout          0x08003e64   Section        0  stm32f1xx_hal_spi.o(i.SPI_WaitFlagStateUntilTimeout)
    SPI_WaitFlagStateUntilTimeout            0x08003e65   Thumb Code   170  stm32f1xx_hal_spi.o(i.SPI_WaitFlagStateUntilTimeout)
    i.SVC_Handler                            0x08003f0e   Section        0  stm32f1xx_it.o(i.SVC_Handler)
    i.SendDoubleBuffer                       0x08003f10   Section        0  enhancedstm32.o(i.SendDoubleBuffer)
    i.SysTick_Handler                        0x08003f9c   Section        0  stm32f1xx_it.o(i.SysTick_Handler)
    i.SystemClock_Config                     0x08003fa8   Section        0  main.o(i.SystemClock_Config)
    i.SystemInit                             0x08004038   Section        0  system_stm32f1xx.o(i.SystemInit)
    i.TIM6_IRQHandler                        0x08004090   Section        0  stm32f1xx_it.o(i.TIM6_IRQHandler)
    i.TIM7_IRQHandler                        0x080040a0   Section        0  stm32f1xx_it.o(i.TIM7_IRQHandler)
    i.TIM_Base_SetConfig                     0x080040b0   Section        0  stm32f1xx_hal_tim.o(i.TIM_Base_SetConfig)
    i.UART_DMAAbortOnError                   0x08004148   Section        0  stm32f1xx_hal_uart.o(i.UART_DMAAbortOnError)
    UART_DMAAbortOnError                     0x08004149   Thumb Code    20  stm32f1xx_hal_uart.o(i.UART_DMAAbortOnError)
    i.UART_DMAError                          0x0800415c   Section        0  stm32f1xx_hal_uart.o(i.UART_DMAError)
    UART_DMAError                            0x0800415d   Thumb Code    80  stm32f1xx_hal_uart.o(i.UART_DMAError)
    i.UART_DMATransmitCplt                   0x080041ac   Section        0  stm32f1xx_hal_uart.o(i.UART_DMATransmitCplt)
    UART_DMATransmitCplt                     0x080041ad   Thumb Code    54  stm32f1xx_hal_uart.o(i.UART_DMATransmitCplt)
    i.UART_DMATxHalfCplt                     0x080041e2   Section        0  stm32f1xx_hal_uart.o(i.UART_DMATxHalfCplt)
    UART_DMATxHalfCplt                       0x080041e3   Thumb Code    14  stm32f1xx_hal_uart.o(i.UART_DMATxHalfCplt)
    i.UART_EndRxTransfer                     0x080041f0   Section        0  stm32f1xx_hal_uart.o(i.UART_EndRxTransfer)
    UART_EndRxTransfer                       0x080041f1   Thumb Code    32  stm32f1xx_hal_uart.o(i.UART_EndRxTransfer)
    i.UART_EndTransmit_IT                    0x08004210   Section        0  stm32f1xx_hal_uart.o(i.UART_EndTransmit_IT)
    UART_EndTransmit_IT                      0x08004211   Thumb Code    32  stm32f1xx_hal_uart.o(i.UART_EndTransmit_IT)
    i.UART_EndTxTransfer                     0x08004230   Section        0  stm32f1xx_hal_uart.o(i.UART_EndTxTransfer)
    UART_EndTxTransfer                       0x08004231   Thumb Code    20  stm32f1xx_hal_uart.o(i.UART_EndTxTransfer)
    i.UART_LinkInputStream_IT                0x08004244   Section        0  enhancedstm32.o(i.UART_LinkInputStream_IT)
    i.UART_Receive_IT                        0x08004260   Section        0  stm32f1xx_hal_uart.o(i.UART_Receive_IT)
    UART_Receive_IT                          0x08004261   Thumb Code   166  stm32f1xx_hal_uart.o(i.UART_Receive_IT)
    i.UART_SetConfig                         0x08004308   Section        0  stm32f1xx_hal_uart.o(i.UART_SetConfig)
    UART_SetConfig                           0x08004309   Thumb Code   450  stm32f1xx_hal_uart.o(i.UART_SetConfig)
    i.UART_Transmit_IT                       0x080044d0   Section        0  stm32f1xx_hal_uart.o(i.UART_Transmit_IT)
    UART_Transmit_IT                         0x080044d1   Thumb Code   104  stm32f1xx_hal_uart.o(i.UART_Transmit_IT)
    i.USART1_IRQHandler                      0x08004538   Section        0  stm32f1xx_it.o(i.USART1_IRQHandler)
    i.USART3_IRQHandler                      0x08004548   Section        0  stm32f1xx_it.o(i.USART3_IRQHandler)
    i.UsageFault_Handler                     0x08004558   Section        0  stm32f1xx_it.o(i.UsageFault_Handler)
    i._Error_Handler                         0x0800455c   Section        0  main.o(i._Error_Handler)
    i.main                                   0x08004560   Section        0  main.o(i.main)
    i.make_crc32_table                       0x0800458c   Section        0  device.o(i.make_crc32_table)
    x$fpl$d2f                                0x080045c8   Section       98  d2f.o(x$fpl$d2f)
    x$fpl$dadd                               0x0800462c   Section      336  daddsub_clz.o(x$fpl$dadd)
    _dadd1                                   0x0800463d   Thumb Code     0  daddsub_clz.o(x$fpl$dadd)
    x$fpl$ddiv                               0x0800477c   Section      688  ddiv.o(x$fpl$ddiv)
    ddiv_entry                               0x08004783   Thumb Code     0  ddiv.o(x$fpl$ddiv)
    x$fpl$dfix                               0x08004a2c   Section       94  dfix.o(x$fpl$dfix)
    x$fpl$dflt                               0x08004a8a   Section       46  dflt_clz.o(x$fpl$dflt)
    x$fpl$dmul                               0x08004ab8   Section      340  dmul.o(x$fpl$dmul)
    x$fpl$dnaninf                            0x08004c0c   Section      156  dnaninf.o(x$fpl$dnaninf)
    x$fpl$dretinf                            0x08004ca8   Section       12  dretinf.o(x$fpl$dretinf)
    x$fpl$dsub                               0x08004cb4   Section      468  daddsub_clz.o(x$fpl$dsub)
    _dsub1                                   0x08004cc5   Thumb Code     0  daddsub_clz.o(x$fpl$dsub)
    x$fpl$fretinf                            0x08004e88   Section       10  fretinf.o(x$fpl$fretinf)
    .constdata                               0x08004e92   Section       24  system_stm32f1xx.o(.constdata)
    x$fpl$usenofp                            0x08004e92   Section        0  usenofp.o(x$fpl$usenofp)
    .constdata                               0x08004eac   Section       20  mainentry.o(.constdata)
    .data                                    0x20000010   Section        4  system_stm32f1xx.o(.data)
    .data                                    0x20000014   Section        9  stm32f1xx_hal.o(.data)
    .data                                    0x20000020   Section        4  mainentry.o(.data)
    counter                                  0x20000020   Data           4  mainentry.o(.data)
    .data                                    0x20000024   Section      202  device.o(.data)
    .data                                    0x200000f0   Section      232  message.o(.data)
    .data                                    0x200001d8   Section        8  msg_qsens.o(.data)
    usFrameCounter                           0x200001d8   Data           2  msg_qsens.o(.data)
    usFrameCounter                           0x200001da   Data           2  msg_qsens.o(.data)
    usFrameCounter                           0x200001dc   Data           2  msg_qsens.o(.data)
    usFrameCounter                           0x200001de   Data           2  msg_qsens.o(.data)
    .bss                                     0x200001e0   Section       88  spi.o(.bss)
    .bss                                     0x20000238   Section      128  tim.o(.bss)
    .bss                                     0x200002b8   Section      264  usart.o(.bss)
    .bss                                     0x200003c0   Section     2188  mainentry.o(.bss)
    .bss                                     0x20000c4c   Section     9864  device.o(.bss)
    .bss                                     0x200032d4   Section       32  rs485.o(.bss)
    .bss                                     0x200032f4   Section      512  message.o(.bss)
    .bss                                     0x200034f4   Section       76  msg_qsens.o(.bss)
    .bss                                     0x20003540   Section       96  libspace.o(.bss)
    HEAP                                     0x200035a0   Section      512  startup_stm32f103xe.o(HEAP)
    Heap_Mem                                 0x200035a0   Data         512  startup_stm32f103xe.o(HEAP)
    STACK                                    0x200037a0   Section    10240  startup_stm32f103xe.o(STACK)
    Stack_Mem                                0x200037a0   Data       10240  startup_stm32f103xe.o(STACK)
    __initial_sp                             0x20005fa0   Data           0  startup_stm32f103xe.o(STACK)

    Global Symbols

    Symbol Name                              Value     Ov Type        Size  Object(Section)

    BuildAttributes$$THM_ISAv4$P$D$K$B$S$PE$A:L22UL41UL21$X:L11$S22US41US21$IEEE1$IW$USESV6$~STKCKD$USESV7$~SHL$OTIME$ROPI$EBA8$UX$STANDARDLIB$REQ8$PRES8$EABIv2 0x00000000   Number         0  anon$$obj.o ABSOLUTE
    __ARM_use_no_argv                        0x00000000   Number         0  main.o ABSOLUTE
    __ARM_exceptions_init                     - Undefined Weak Reference
    __alloca_initialize                       - Undefined Weak Reference
    __arm_preinit_                            - Undefined Weak Reference
    __cpp_initialize__aeabi_                  - Undefined Weak Reference
    __cxa_finalize                            - Undefined Weak Reference
    __rt_locale                               - Undefined Weak Reference
    __sigvec_lookup                           - Undefined Weak Reference
    __user_heap_extent                        - Undefined Weak Reference
    _atexit_init                              - Undefined Weak Reference
    _call_atexit_fns                          - Undefined Weak Reference
    _clock_init                               - Undefined Weak Reference
    _fp_trap_init                             - Undefined Weak Reference
    _fp_trap_shutdown                         - Undefined Weak Reference
    _get_lc_collate                           - Undefined Weak Reference
    _get_lc_ctype                             - Undefined Weak Reference
    _get_lc_monetary                          - Undefined Weak Reference
    _get_lc_numeric                           - Undefined Weak Reference
    _get_lc_time                              - Undefined Weak Reference
    _getenv_init                              - Undefined Weak Reference
    _handle_redirection                       - Undefined Weak Reference
    _mutex_acquire                            - Undefined Weak Reference
    _mutex_free                               - Undefined Weak Reference
    _mutex_release                            - Undefined Weak Reference
    _printf_post_padding                      - Undefined Weak Reference
    _printf_pre_padding                       - Undefined Weak Reference
    _printf_truncate_signed                   - Undefined Weak Reference
    _printf_truncate_unsigned                 - Undefined Weak Reference
    _rand_init                                - Undefined Weak Reference
    _signal_finish                            - Undefined Weak Reference
    _signal_init                              - Undefined Weak Reference
    __Vectors_Size                           0x00000130   Number         0  startup_stm32f103xe.o ABSOLUTE
    __Vectors                                0x08000000   Data           4  startup_stm32f103xe.o(RESET)
    __Vectors_End                            0x08000130   Data           0  startup_stm32f103xe.o(RESET)
    __main                                   0x08000131   Thumb Code     8  __main.o(!!!main)
    __scatterload                            0x08000139   Thumb Code     0  __scatter.o(!!!scatter)
    __scatterload_rt2                        0x08000139   Thumb Code    44  __scatter.o(!!!scatter)
    __scatterload_rt2_thumb_only             0x08000139   Thumb Code     0  __scatter.o(!!!scatter)
    __scatterload_null                       0x08000147   Thumb Code     0  __scatter.o(!!!scatter)
    __decompress                             0x0800016d   Thumb Code    90  __dczerorl2.o(!!dczerorl2)
    __decompress1                            0x0800016d   Thumb Code     0  __dczerorl2.o(!!dczerorl2)
    __scatterload_zeroinit                   0x080001c9   Thumb Code    28  __scatter_zi.o(!!handler_zi)
    __rt_lib_init                            0x080001e5   Thumb Code     0  libinit.o(.ARM.Collect$$libinit$$00000000)
    __rt_lib_init_alloca_1                   0x080001e7   Thumb Code     0  libinit2.o(.ARM.Collect$$libinit$$0000002E)
    __rt_lib_init_argv_1                     0x080001e7   Thumb Code     0  libinit2.o(.ARM.Collect$$libinit$$0000002C)
    __rt_lib_init_atexit_1                   0x080001e7   Thumb Code     0  libinit2.o(.ARM.Collect$$libinit$$0000001B)
    __rt_lib_init_clock_1                    0x080001e7   Thumb Code     0  libinit2.o(.ARM.Collect$$libinit$$00000021)
    __rt_lib_init_cpp_1                      0x080001e7   Thumb Code     0  libinit2.o(.ARM.Collect$$libinit$$00000032)
    __rt_lib_init_exceptions_1               0x080001e7   Thumb Code     0  libinit2.o(.ARM.Collect$$libinit$$00000030)
    __rt_lib_init_fp_1                       0x080001e7   Thumb Code     0  libinit2.o(.ARM.Collect$$libinit$$00000002)
    __rt_lib_init_fp_trap_1                  0x080001e7   Thumb Code     0  libinit2.o(.ARM.Collect$$libinit$$0000001F)
    __rt_lib_init_getenv_1                   0x080001e7   Thumb Code     0  libinit2.o(.ARM.Collect$$libinit$$00000023)
    __rt_lib_init_heap_1                     0x080001e7   Thumb Code     0  libinit2.o(.ARM.Collect$$libinit$$0000000A)
    __rt_lib_init_lc_collate_1               0x080001e7   Thumb Code     0  libinit2.o(.ARM.Collect$$libinit$$00000011)
    __rt_lib_init_lc_ctype_1                 0x080001e7   Thumb Code     0  libinit2.o(.ARM.Collect$$libinit$$00000013)
    __rt_lib_init_lc_monetary_1              0x080001e7   Thumb Code     0  libinit2.o(.ARM.Collect$$libinit$$00000015)
    __rt_lib_init_lc_numeric_1               0x080001e7   Thumb Code     0  libinit2.o(.ARM.Collect$$libinit$$00000017)
    __rt_lib_init_lc_time_1                  0x080001e7   Thumb Code     0  libinit2.o(.ARM.Collect$$libinit$$00000019)
    __rt_lib_init_preinit_1                  0x080001e7   Thumb Code     0  libinit2.o(.ARM.Collect$$libinit$$00000004)
    __rt_lib_init_rand_1                     0x080001e7   Thumb Code     0  libinit2.o(.ARM.Collect$$libinit$$0000000E)
    __rt_lib_init_return                     0x080001e7   Thumb Code     0  libinit2.o(.ARM.Collect$$libinit$$00000033)
    __rt_lib_init_signal_1                   0x080001e7   Thumb Code     0  libinit2.o(.ARM.Collect$$libinit$$0000001D)
    __rt_lib_init_stdio_1                    0x080001e7   Thumb Code     0  libinit2.o(.ARM.Collect$$libinit$$00000025)
    __rt_lib_init_user_alloc_1               0x080001e7   Thumb Code     0  libinit2.o(.ARM.Collect$$libinit$$0000000C)
    __rt_lib_shutdown                        0x080001e9   Thumb Code     0  libshutdown.o(.ARM.Collect$$libshutdown$$00000000)
    __rt_lib_shutdown_cpp_1                  0x080001eb   Thumb Code     0  libshutdown2.o(.ARM.Collect$$libshutdown$$00000002)
    __rt_lib_shutdown_fp_trap_1              0x080001eb   Thumb Code     0  libshutdown2.o(.ARM.Collect$$libshutdown$$00000007)
    __rt_lib_shutdown_heap_1                 0x080001eb   Thumb Code     0  libshutdown2.o(.ARM.Collect$$libshutdown$$0000000F)
    __rt_lib_shutdown_return                 0x080001eb   Thumb Code     0  libshutdown2.o(.ARM.Collect$$libshutdown$$00000010)
    __rt_lib_shutdown_signal_1               0x080001eb   Thumb Code     0  libshutdown2.o(.ARM.Collect$$libshutdown$$0000000A)
    __rt_lib_shutdown_stdio_1                0x080001eb   Thumb Code     0  libshutdown2.o(.ARM.Collect$$libshutdown$$00000004)
    __rt_lib_shutdown_user_alloc_1           0x080001eb   Thumb Code     0  libshutdown2.o(.ARM.Collect$$libshutdown$$0000000C)
    __rt_entry                               0x080001ed   Thumb Code     0  __rtentry.o(.ARM.Collect$$rtentry$$00000000)
    __rt_entry_presh_1                       0x080001ed   Thumb Code     0  __rtentry2.o(.ARM.Collect$$rtentry$$00000002)
    __rt_entry_sh                            0x080001ed   Thumb Code     0  __rtentry4.o(.ARM.Collect$$rtentry$$00000004)
    __rt_entry_li                            0x080001f3   Thumb Code     0  __rtentry2.o(.ARM.Collect$$rtentry$$0000000A)
    __rt_entry_postsh_1                      0x080001f3   Thumb Code     0  __rtentry2.o(.ARM.Collect$$rtentry$$00000009)
    __rt_entry_main                          0x080001f7   Thumb Code     0  __rtentry2.o(.ARM.Collect$$rtentry$$0000000D)
    __rt_entry_postli_1                      0x080001f7   Thumb Code     0  __rtentry2.o(.ARM.Collect$$rtentry$$0000000C)
    __rt_exit                                0x080001ff   Thumb Code     0  rtexit.o(.ARM.Collect$$rtexit$$00000000)
    __rt_exit_ls                             0x08000201   Thumb Code     0  rtexit2.o(.ARM.Collect$$rtexit$$00000003)
    __rt_exit_prels_1                        0x08000201   Thumb Code     0  rtexit2.o(.ARM.Collect$$rtexit$$00000002)
    __rt_exit_exit                           0x08000205   Thumb Code     0  rtexit2.o(.ARM.Collect$$rtexit$$00000004)
    Reset_Handler                            0x0800020d   Thumb Code     8  startup_stm32f103xe.o(.text)
    ADC1_2_IRQHandler                        0x08000227   Thumb Code     0  startup_stm32f103xe.o(.text)
    ADC3_IRQHandler                          0x08000227   Thumb Code     0  startup_stm32f103xe.o(.text)
    CAN1_RX1_IRQHandler                      0x08000227   Thumb Code     0  startup_stm32f103xe.o(.text)
    CAN1_SCE_IRQHandler                      0x08000227   Thumb Code     0  startup_stm32f103xe.o(.text)
    DMA1_Channel1_IRQHandler                 0x08000227   Thumb Code     0  startup_stm32f103xe.o(.text)
    DMA1_Channel3_IRQHandler                 0x08000227   Thumb Code     0  startup_stm32f103xe.o(.text)
    DMA1_Channel5_IRQHandler                 0x08000227   Thumb Code     0  startup_stm32f103xe.o(.text)
    DMA1_Channel6_IRQHandler                 0x08000227   Thumb Code     0  startup_stm32f103xe.o(.text)
    DMA1_Channel7_IRQHandler                 0x08000227   Thumb Code     0  startup_stm32f103xe.o(.text)
    DMA2_Channel1_IRQHandler                 0x08000227   Thumb Code     0  startup_stm32f103xe.o(.text)
    DMA2_Channel2_IRQHandler                 0x08000227   Thumb Code     0  startup_stm32f103xe.o(.text)
    DMA2_Channel3_IRQHandler                 0x08000227   Thumb Code     0  startup_stm32f103xe.o(.text)
    DMA2_Channel4_5_IRQHandler               0x08000227   Thumb Code     0  startup_stm32f103xe.o(.text)
    EXTI0_IRQHandler                         0x08000227   Thumb Code     0  startup_stm32f103xe.o(.text)
    EXTI15_10_IRQHandler                     0x08000227   Thumb Code     0  startup_stm32f103xe.o(.text)
    EXTI1_IRQHandler                         0x08000227   Thumb Code     0  startup_stm32f103xe.o(.text)
    EXTI2_IRQHandler                         0x08000227   Thumb Code     0  startup_stm32f103xe.o(.text)
    EXTI3_IRQHandler                         0x08000227   Thumb Code     0  startup_stm32f103xe.o(.text)
    EXTI4_IRQHandler                         0x08000227   Thumb Code     0  startup_stm32f103xe.o(.text)
    EXTI9_5_IRQHandler                       0x08000227   Thumb Code     0  startup_stm32f103xe.o(.text)
    FLASH_IRQHandler                         0x08000227   Thumb Code     0  startup_stm32f103xe.o(.text)
    FSMC_IRQHandler                          0x08000227   Thumb Code     0  startup_stm32f103xe.o(.text)
    I2C1_ER_IRQHandler                       0x08000227   Thumb Code     0  startup_stm32f103xe.o(.text)
    I2C1_EV_IRQHandler                       0x08000227   Thumb Code     0  startup_stm32f103xe.o(.text)
    I2C2_ER_IRQHandler                       0x08000227   Thumb Code     0  startup_stm32f103xe.o(.text)
    I2C2_EV_IRQHandler                       0x08000227   Thumb Code     0  startup_stm32f103xe.o(.text)
    PVD_IRQHandler                           0x08000227   Thumb Code     0  startup_stm32f103xe.o(.text)
    RCC_IRQHandler                           0x08000227   Thumb Code     0  startup_stm32f103xe.o(.text)
    RTC_Alarm_IRQHandler                     0x08000227   Thumb Code     0  startup_stm32f103xe.o(.text)
    RTC_IRQHandler                           0x08000227   Thumb Code     0  startup_stm32f103xe.o(.text)
    SDIO_IRQHandler                          0x08000227   Thumb Code     0  startup_stm32f103xe.o(.text)
    SPI1_IRQHandler                          0x08000227   Thumb Code     0  startup_stm32f103xe.o(.text)
    SPI2_IRQHandler                          0x08000227   Thumb Code     0  startup_stm32f103xe.o(.text)
    SPI3_IRQHandler                          0x08000227   Thumb Code     0  startup_stm32f103xe.o(.text)
    TAMPER_IRQHandler                        0x08000227   Thumb Code     0  startup_stm32f103xe.o(.text)
    TIM1_BRK_IRQHandler                      0x08000227   Thumb Code     0  startup_stm32f103xe.o(.text)
    TIM1_CC_IRQHandler                       0x08000227   Thumb Code     0  startup_stm32f103xe.o(.text)
    TIM1_TRG_COM_IRQHandler                  0x08000227   Thumb Code     0  startup_stm32f103xe.o(.text)
    TIM1_UP_IRQHandler                       0x08000227   Thumb Code     0  startup_stm32f103xe.o(.text)
    TIM2_IRQHandler                          0x08000227   Thumb Code     0  startup_stm32f103xe.o(.text)
    TIM3_IRQHandler                          0x08000227   Thumb Code     0  startup_stm32f103xe.o(.text)
    TIM4_IRQHandler                          0x08000227   Thumb Code     0  startup_stm32f103xe.o(.text)
    TIM5_IRQHandler                          0x08000227   Thumb Code     0  startup_stm32f103xe.o(.text)
    TIM8_BRK_IRQHandler                      0x08000227   Thumb Code     0  startup_stm32f103xe.o(.text)
    TIM8_CC_IRQHandler                       0x08000227   Thumb Code     0  startup_stm32f103xe.o(.text)
    TIM8_TRG_COM_IRQHandler                  0x08000227   Thumb Code     0  startup_stm32f103xe.o(.text)
    TIM8_UP_IRQHandler                       0x08000227   Thumb Code     0  startup_stm32f103xe.o(.text)
    UART4_IRQHandler                         0x08000227   Thumb Code     0  startup_stm32f103xe.o(.text)
    UART5_IRQHandler                         0x08000227   Thumb Code     0  startup_stm32f103xe.o(.text)
    USART2_IRQHandler                        0x08000227   Thumb Code     0  startup_stm32f103xe.o(.text)
    USBWakeUp_IRQHandler                     0x08000227   Thumb Code     0  startup_stm32f103xe.o(.text)
    USB_HP_CAN1_TX_IRQHandler                0x08000227   Thumb Code     0  startup_stm32f103xe.o(.text)
    USB_LP_CAN1_RX0_IRQHandler               0x08000227   Thumb Code     0  startup_stm32f103xe.o(.text)
    WWDG_IRQHandler                          0x08000227   Thumb Code     0  startup_stm32f103xe.o(.text)
    __user_initial_stackheap                 0x08000229   Thumb Code     0  startup_stm32f103xe.o(.text)
    __aeabi_memcpy                           0x0800024d   Thumb Code     0  rt_memcpy_v6.o(.text)
    __rt_memcpy                              0x0800024d   Thumb Code   138  rt_memcpy_v6.o(.text)
    _memcpy_lastbytes                        0x080002b3   Thumb Code     0  rt_memcpy_v6.o(.text)
    __aeabi_memcpy4                          0x080002d7   Thumb Code     0  rt_memcpy_w.o(.text)
    __aeabi_memcpy8                          0x080002d7   Thumb Code     0  rt_memcpy_w.o(.text)
    __rt_memcpy_w                            0x080002d7   Thumb Code   100  rt_memcpy_w.o(.text)
    _memcpy_lastbytes_aligned                0x0800031f   Thumb Code     0  rt_memcpy_w.o(.text)
    __aeabi_memclr4                          0x0800033b   Thumb Code     0  rt_memclr_w.o(.text)
    __aeabi_memclr8                          0x0800033b   Thumb Code     0  rt_memclr_w.o(.text)
    __rt_memclr_w                            0x0800033b   Thumb Code    78  rt_memclr_w.o(.text)
    _memset_w                                0x0800033f   Thumb Code     0  rt_memclr_w.o(.text)
    __use_two_region_memory                  0x08000389   Thumb Code     2  heapauxi.o(.text)
    __rt_heap_escrow                         0x0800038b   Thumb Code     2  heapauxi.o(.text)
    __rt_heap_expand                         0x0800038d   Thumb Code     2  heapauxi.o(.text)
    __user_setup_stackheap                   0x0800038f   Thumb Code    74  sys_stackheap_outer.o(.text)
    exit                                     0x080003d9   Thumb Code    18  exit.o(.text)
    __user_libspace                          0x080003ed   Thumb Code     8  libspace.o(.text)
    __user_perproc_libspace                  0x080003ed   Thumb Code     0  libspace.o(.text)
    __user_perthread_libspace                0x080003ed   Thumb Code     0  libspace.o(.text)
    __I$use$semihosting                      0x080003f5   Thumb Code     0  use_no_semi.o(.text)
    __use_no_semihosting_swi                 0x080003f5   Thumb Code     2  use_no_semi.o(.text)
    __semihosting_library_function           0x080003f7   Thumb Code     0  indicate_semi.o(.text)
    _sys_exit                                0x080003f9   Thumb Code     8  sys_exit.o(.text)
    BusFault_Handler                         0x08000405   Thumb Code     4  stm32f1xx_it.o(i.BusFault_Handler)
    CalculateCheckSum                        0x08000409   Thumb Code    26  parseframe.o(i.CalculateCheckSum)
    CheckSectionBegin                        0x08000423   Thumb Code    16  parseframe.o(i.CheckSectionBegin)
    CheckSectionEnd                          0x08000433   Thumb Code    46  parseframe.o(i.CheckSectionEnd)
    ClearCircularBuffer                      0x08000461   Thumb Code    36  global.o(i.ClearCircularBuffer)
    ClearFrameConstructor                    0x08000485   Thumb Code    16  parseframe.o(i.ClearFrameConstructor)
    ClearParseParam                          0x08000495   Thumb Code    40  parseframe.o(i.ClearParseParam)
    DMA1_Channel2_IRQHandler                 0x080004bd   Thumb Code    10  stm32f1xx_it.o(i.DMA1_Channel2_IRQHandler)
    DMA1_Channel4_IRQHandler                 0x080004cd   Thumb Code    10  stm32f1xx_it.o(i.DMA1_Channel4_IRQHandler)
    Data_Store                               0x08000509   Thumb Code   352  rs485.o(i.Data_Store)
    DebugMon_Handler                         0x08000691   Thumb Code     2  stm32f1xx_it.o(i.DebugMon_Handler)
    FrameBegin                               0x08000693   Thumb Code    14  parseframe.o(i.FrameBegin)
    FrameEnd                                 0x080006a1   Thumb Code    14  parseframe.o(i.FrameEnd)
    GetDoubleBuffer                          0x080006af   Thumb Code    10  global.o(i.GetDoubleBuffer)
    GetDoubleBufferLength                    0x080006b9   Thumb Code    14  global.o(i.GetDoubleBufferLength)
    HAL_DMA_Abort_IT                         0x080006c9   Thumb Code   414  stm32f1xx_hal_dma.o(i.HAL_DMA_Abort_IT)
    HAL_DMA_IRQHandler                       0x08000871   Thumb Code   910  stm32f1xx_hal_dma.o(i.HAL_DMA_IRQHandler)
    HAL_DMA_Init                             0x08000c09   Thumb Code   140  stm32f1xx_hal_dma.o(i.HAL_DMA_Init)
    HAL_DMA_Start_IT                         0x08000c9d   Thumb Code   156  stm32f1xx_hal_dma.o(i.HAL_DMA_Start_IT)
    HAL_Delay                                0x08000d39   Thumb Code    36  stm32f1xx_hal.o(i.HAL_Delay)
    HAL_GPIO_Init                            0x08000d61   Thumb Code   790  stm32f1xx_hal_gpio.o(i.HAL_GPIO_Init)
    HAL_GPIO_ReadPin                         0x080010a1   Thumb Code    16  stm32f1xx_hal_gpio.o(i.HAL_GPIO_ReadPin)
    HAL_GPIO_TogglePin                       0x080010b1   Thumb Code     8  stm32f1xx_hal_gpio.o(i.HAL_GPIO_TogglePin)
    HAL_GPIO_WritePin                        0x080010b9   Thumb Code    12  stm32f1xx_hal_gpio.o(i.HAL_GPIO_WritePin)
    HAL_GetTick                              0x080010c5   Thumb Code     6  stm32f1xx_hal.o(i.HAL_GetTick)
    HAL_IncTick                              0x080010d1   Thumb Code    16  stm32f1xx_hal.o(i.HAL_IncTick)
    HAL_Init                                 0x080010e9   Thumb Code    34  stm32f1xx_hal.o(i.HAL_Init)
    HAL_InitTick                             0x08001111   Thumb Code    64  stm32f1xx_hal.o(i.HAL_InitTick)
    HAL_MspInit                              0x0800115d   Thumb Code   158  stm32f1xx_hal_msp.o(i.HAL_MspInit)
    HAL_NVIC_EnableIRQ                       0x08001205   Thumb Code    26  stm32f1xx_hal_cortex.o(i.HAL_NVIC_EnableIRQ)
    HAL_NVIC_SetPriority                     0x0800121f   Thumb Code   124  stm32f1xx_hal_cortex.o(i.HAL_NVIC_SetPriority)
    HAL_NVIC_SetPriorityGrouping             0x0800129d   Thumb Code    32  stm32f1xx_hal_cortex.o(i.HAL_NVIC_SetPriorityGrouping)
    HAL_RCC_ClockConfig                      0x080012c5   Thumb Code   402  stm32f1xx_hal_rcc.o(i.HAL_RCC_ClockConfig)
    HAL_RCC_GetHCLKFreq                      0x08001469   Thumb Code     6  stm32f1xx_hal_rcc.o(i.HAL_RCC_GetHCLKFreq)
    HAL_RCC_GetPCLK1Freq                     0x08001475   Thumb Code    22  stm32f1xx_hal_rcc.o(i.HAL_RCC_GetPCLK1Freq)
    HAL_RCC_GetPCLK2Freq                     0x08001495   Thumb Code    22  stm32f1xx_hal_rcc.o(i.HAL_RCC_GetPCLK2Freq)
    HAL_RCC_GetSysClockFreq                  0x080014b5   Thumb Code   116  stm32f1xx_hal_rcc.o(i.HAL_RCC_GetSysClockFreq)
    HAL_RCC_OscConfig                        0x08001549   Thumb Code  1078  stm32f1xx_hal_rcc.o(i.HAL_RCC_OscConfig)
    HAL_SPI_Init                             0x08001989   Thumb Code   134  stm32f1xx_hal_spi_ex.o(i.HAL_SPI_Init)
    HAL_SPI_MspInit                          0x08001a11   Thumb Code    84  spi.o(i.HAL_SPI_MspInit)
    HAL_SPI_Receive                          0x08001a71   Thumb Code   364  stm32f1xx_hal_spi.o(i.HAL_SPI_Receive)
    HAL_SPI_Transmit                         0x08001bdd   Thumb Code   422  stm32f1xx_hal_spi.o(i.HAL_SPI_Transmit)
    HAL_SPI_TransmitReceive                  0x08001d83   Thumb Code   542  stm32f1xx_hal_spi.o(i.HAL_SPI_TransmitReceive)
    HAL_SYSTICK_CLKSourceConfig              0x08001fa1   Thumb Code    40  stm32f1xx_hal_cortex.o(i.HAL_SYSTICK_CLKSourceConfig)
    HAL_SYSTICK_Callback                     0x08001fc9   Thumb Code     2  stm32f1xx_hal_cortex.o(i.HAL_SYSTICK_Callback)
    HAL_SYSTICK_Config                       0x08001fcb   Thumb Code    52  stm32f1xx_hal_cortex.o(i.HAL_SYSTICK_Config)
    HAL_SYSTICK_IRQHandler                   0x08001fff   Thumb Code     8  stm32f1xx_hal_cortex.o(i.HAL_SYSTICK_IRQHandler)
    HAL_TIMEx_BreakCallback                  0x08002007   Thumb Code     2  stm32f1xx_hal_tim_ex.o(i.HAL_TIMEx_BreakCallback)
    HAL_TIMEx_CommutationCallback            0x08002009   Thumb Code     2  stm32f1xx_hal_tim_ex.o(i.HAL_TIMEx_CommutationCallback)
    HAL_TIMEx_MasterConfigSynchronization    0x0800200b   Thumb Code    98  stm32f1xx_hal_tim_ex.o(i.HAL_TIMEx_MasterConfigSynchronization)
    HAL_TIM_Base_Init                        0x0800206d   Thumb Code    52  stm32f1xx_hal_tim.o(i.HAL_TIM_Base_Init)
    HAL_TIM_Base_MspInit                     0x080020a1   Thumb Code   112  tim.o(i.HAL_TIM_Base_MspInit)
    HAL_TIM_Base_Start_IT                    0x0800211d   Thumb Code    30  stm32f1xx_hal_tim.o(i.HAL_TIM_Base_Start_IT)
    HAL_TIM_IC_CaptureCallback               0x0800213b   Thumb Code     2  stm32f1xx_hal_tim.o(i.HAL_TIM_IC_CaptureCallback)
    HAL_TIM_IRQHandler                       0x0800213d   Thumb Code   406  stm32f1xx_hal_tim.o(i.HAL_TIM_IRQHandler)
    HAL_TIM_OC_DelayElapsedCallback          0x080022d3   Thumb Code     2  stm32f1xx_hal_tim.o(i.HAL_TIM_OC_DelayElapsedCallback)
    HAL_TIM_PWM_PulseFinishedCallback        0x080022d5   Thumb Code     2  stm32f1xx_hal_tim.o(i.HAL_TIM_PWM_PulseFinishedCallback)
    HAL_TIM_PeriodElapsedCallback            0x080022d9   Thumb Code   212  device.o(i.HAL_TIM_PeriodElapsedCallback)
    HAL_TIM_TriggerCallback                  0x080023c9   Thumb Code     2  stm32f1xx_hal_tim.o(i.HAL_TIM_TriggerCallback)
    HAL_UART_ErrorCallback                   0x080023cd   Thumb Code    78  device.o(i.HAL_UART_ErrorCallback)
    HAL_UART_GetError                        0x08002435   Thumb Code     6  stm32f1xx_hal_uart.o(i.HAL_UART_GetError)
    HAL_UART_IRQHandler                      0x0800243d   Thumb Code   326  stm32f1xx_hal_uart.o(i.HAL_UART_IRQHandler)
    HAL_UART_Init                            0x08002589   Thumb Code   114  stm32f1xx_hal_uart.o(i.HAL_UART_Init)
    HAL_UART_MspInit                         0x080025fd   Thumb Code   306  usart.o(i.HAL_UART_MspInit)
    HAL_UART_Receive_IT                      0x08002761   Thumb Code   112  stm32f1xx_hal_uart.o(i.HAL_UART_Receive_IT)
    HAL_UART_RxCpltCallback                  0x080027d1   Thumb Code    40  device.o(i.HAL_UART_RxCpltCallback)
    HAL_UART_Transmit_DMA                    0x08002809   Thumb Code   142  stm32f1xx_hal_uart.o(i.HAL_UART_Transmit_DMA)
    HAL_UART_Transmit_IT                     0x080028a5   Thumb Code    88  stm32f1xx_hal_uart.o(i.HAL_UART_Transmit_IT)
    HAL_UART_TxCpltCallback                  0x080028fd   Thumb Code    48  device.o(i.HAL_UART_TxCpltCallback)
    HAL_UART_TxHalfCpltCallback              0x08002941   Thumb Code     2  stm32f1xx_hal_uart.o(i.HAL_UART_TxHalfCpltCallback)
    HardFault_Handler                        0x08002943   Thumb Code     4  stm32f1xx_it.o(i.HardFault_Handler)
    HeartPulse                               0x08002949   Thumb Code    34  mainentry.o(i.HeartPulse)
    I2C_BufferWrite                          0x080029c5   Thumb Code    94  dvc_at24c01_noinout.o(i.I2C_BufferWrite)
    I2C_PageWrite                            0x08002a69   Thumb Code   338  dvc_at24c01_noinout.o(i.I2C_PageWrite)
    I2C_ReadByte                             0x08002bbb   Thumb Code   112  dvc_at24c01_noinout.o(i.I2C_ReadByte)
    ICM20602_DevieceSPI_ReadBytes            0x08002e11   Thumb Code    72  dvc_icm20602.o(i.ICM20602_DevieceSPI_ReadBytes)
    ICM20602_DevieceSPI_ReadOneByte          0x08002e61   Thumb Code    60  dvc_icm20602.o(i.ICM20602_DevieceSPI_ReadOneByte)
    ICM20602_DevieceSPI_WriteOneByte         0x08002ea5   Thumb Code    58  dvc_icm20602.o(i.ICM20602_DevieceSPI_WriteOneByte)
    ICM20602_Init                            0x08002ee9   Thumb Code   142  dvc_icm20602.o(i.ICM20602_Init)
    ICM20602_READ_Imu                        0x08002f77   Thumb Code   132  dvc_icm20602.o(i.ICM20602_READ_Imu)
    InitDevice                               0x08002ffd   Thumb Code   246  device.o(i.InitDevice)
    InitFrameParse                           0x08003141   Thumb Code    44  parseframe.o(i.InitFrameParse)
    InitMessage                              0x0800316d   Thumb Code    44  message.o(i.InitMessage)
    LED_Toggle                               0x080031a9   Thumb Code    38  enhancedstm32.o(i.LED_Toggle)
    LED_TurnOnAll                            0x080031d9   Thumb Code    40  enhancedstm32.o(i.LED_TurnOnAll)
    LengthSectionBegin                       0x08003209   Thumb Code    16  parseframe.o(i.LengthSectionBegin)
    LengthSectionEnd                         0x08003219   Thumb Code    42  parseframe.o(i.LengthSectionEnd)
    MX_DMA_Init                              0x08003245   Thumb Code    64  dma.o(i.MX_DMA_Init)
    MX_GPIO_Init                             0x08003289   Thumb Code   266  gpio.o(i.MX_GPIO_Init)
    MX_SPI1_Init                             0x080033a9   Thumb Code    64  spi.o(i.MX_SPI1_Init)
    MX_TIM6_Init                             0x08003401   Thumb Code    68  tim.o(i.MX_TIM6_Init)
    MX_TIM7_Init                             0x0800345d   Thumb Code    68  tim.o(i.MX_TIM7_Init)
    MX_USART1_UART_Init                      0x080034b9   Thumb Code    50  usart.o(i.MX_USART1_UART_Init)
    MX_USART3_UART_Init                      0x08003505   Thumb Code    50  usart.o(i.MX_USART3_UART_Init)
    MainEntry                                0x08003551   Thumb Code   296  mainentry.o(i.MainEntry)
    MarkLengthPosition                       0x08003699   Thumb Code    42  parseframe.o(i.MarkLengthPosition)
    MemManage_Handler                        0x080036c3   Thumb Code     4  stm32f1xx_it.o(i.MemManage_Handler)
    NMI_Handler                              0x080036c7   Thumb Code     2  stm32f1xx_it.o(i.NMI_Handler)
    ParseFrame                               0x08003701   Thumb Code    62  parseframe.o(i.ParseFrame)
    ParseFrameByte                           0x0800373f   Thumb Code   760  parseframe.o(i.ParseFrameByte)
    ParseFrameUsart1                         0x08003a39   Thumb Code    16  message.o(i.ParseFrameUsart1)
    ParseFrameUsart3                         0x08003a51   Thumb Code    16  message.o(i.ParseFrameUsart3)
    PendSV_Handler                           0x08003a69   Thumb Code     2  stm32f1xx_it.o(i.PendSV_Handler)
    PopCircularBuffer                        0x08003a6b   Thumb Code    82  global.o(i.PopCircularBuffer)
    PushBytesDoubleBuffer                    0x08003abd   Thumb Code    28  global.o(i.PushBytesDoubleBuffer)
    PushCircularBuffer                       0x08003ad9   Thumb Code   184  global.o(i.PushCircularBuffer)
    PushDoubleBuffer                         0x08003b91   Thumb Code    66  global.o(i.PushDoubleBuffer)
    PushWordDoubleBuffer                     0x08003bd3   Thumb Code    24  global.o(i.PushWordDoubleBuffer)
    QSENS_BinFrameCheck                      0x08003beb   Thumb Code    38  msg_qsens.o(i.QSENS_BinFrameCheck)
    QSENS_BinFrameLength                     0x08003c11   Thumb Code    20  msg_qsens.o(i.QSENS_BinFrameLength)
    QSENS_BinFrameParse                      0x08003c25   Thumb Code   250  msg_qsens.o(i.QSENS_BinFrameParse)
    QSENS_BinInit                            0x08003d3d   Thumb Code    28  msg_qsens.o(i.QSENS_BinInit)
    QSENS_MakeImuFrame2                      0x08003d61   Thumb Code   136  msg_qsens.o(i.QSENS_MakeImuFrame2)
    RecieveInputStream_IT                    0x08003e19   Thumb Code    36  enhancedstm32.o(i.RecieveInputStream_IT)
    SVC_Handler                              0x08003f0f   Thumb Code     2  stm32f1xx_it.o(i.SVC_Handler)
    SendDoubleBuffer                         0x08003f11   Thumb Code   126  enhancedstm32.o(i.SendDoubleBuffer)
    SysTick_Handler                          0x08003f9d   Thumb Code    12  stm32f1xx_it.o(i.SysTick_Handler)
    SystemClock_Config                       0x08003fa9   Thumb Code   128  main.o(i.SystemClock_Config)
    SystemInit                               0x08004039   Thumb Code    70  system_stm32f1xx.o(i.SystemInit)
    TIM6_IRQHandler                          0x08004091   Thumb Code    10  stm32f1xx_it.o(i.TIM6_IRQHandler)
    TIM7_IRQHandler                          0x080040a1   Thumb Code    10  stm32f1xx_it.o(i.TIM7_IRQHandler)
    TIM_Base_SetConfig                       0x080040b1   Thumb Code   132  stm32f1xx_hal_tim.o(i.TIM_Base_SetConfig)
    UART_LinkInputStream_IT                  0x08004245   Thumb Code    28  enhancedstm32.o(i.UART_LinkInputStream_IT)
    USART1_IRQHandler                        0x08004539   Thumb Code    10  stm32f1xx_it.o(i.USART1_IRQHandler)
    USART3_IRQHandler                        0x08004549   Thumb Code    10  stm32f1xx_it.o(i.USART3_IRQHandler)
    UsageFault_Handler                       0x08004559   Thumb Code     4  stm32f1xx_it.o(i.UsageFault_Handler)
    _Error_Handler                           0x0800455d   Thumb Code     4  main.o(i._Error_Handler)
    main                                     0x08004561   Thumb Code    44  main.o(i.main)
    make_crc32_table                         0x0800458d   Thumb Code    52  device.o(i.make_crc32_table)
    __aeabi_d2f                              0x080045c9   Thumb Code     0  d2f.o(x$fpl$d2f)
    _d2f                                     0x080045c9   Thumb Code    98  d2f.o(x$fpl$d2f)
    __aeabi_dadd                             0x0800462d   Thumb Code     0  daddsub_clz.o(x$fpl$dadd)
    _dadd                                    0x0800462d   Thumb Code   332  daddsub_clz.o(x$fpl$dadd)
    __aeabi_ddiv                             0x0800477d   Thumb Code     0  ddiv.o(x$fpl$ddiv)
    _ddiv                                    0x0800477d   Thumb Code   552  ddiv.o(x$fpl$ddiv)
    __aeabi_d2iz                             0x08004a2d   Thumb Code     0  dfix.o(x$fpl$dfix)
    _dfix                                    0x08004a2d   Thumb Code    94  dfix.o(x$fpl$dfix)
    __aeabi_i2d                              0x08004a8b   Thumb Code     0  dflt_clz.o(x$fpl$dflt)
    _dflt                                    0x08004a8b   Thumb Code    46  dflt_clz.o(x$fpl$dflt)
    __aeabi_dmul                             0x08004ab9   Thumb Code     0  dmul.o(x$fpl$dmul)
    _dmul                                    0x08004ab9   Thumb Code   332  dmul.o(x$fpl$dmul)
    __fpl_dnaninf                            0x08004c0d   Thumb Code   156  dnaninf.o(x$fpl$dnaninf)
    __fpl_dretinf                            0x08004ca9   Thumb Code    12  dretinf.o(x$fpl$dretinf)
    __aeabi_dsub                             0x08004cb5   Thumb Code     0  daddsub_clz.o(x$fpl$dsub)
    _dsub                                    0x08004cb5   Thumb Code   464  daddsub_clz.o(x$fpl$dsub)
    __fpl_fretinf                            0x08004e89   Thumb Code    10  fretinf.o(x$fpl$fretinf)
    AHBPrescTable                            0x08004e92   Data          16  system_stm32f1xx.o(.constdata)
    __I$use$fp                               0x08004e92   Number         0  usenofp.o(x$fpl$usenofp)
    APBPrescTable                            0x08004ea2   Data           8  system_stm32f1xx.o(.constdata)
    Region$$Table$$Base                      0x08004ec0   Number         0  anon$$obj.o(Region$$Table)
    Region$$Table$$Limit                     0x08004ee0   Number         0  anon$$obj.o(Region$$Table)
    SystemCoreClock                          0x20000010   Data           4  system_stm32f1xx.o(.data)
    uwTick                                   0x20000014   Data           4  stm32f1xx_hal.o(.data)
    uwTickPrio                               0x20000018   Data           4  stm32f1xx_hal.o(.data)
    uwTickFreq                               0x2000001c   Data           1  stm32f1xx_hal.o(.data)
    Addr_RS485                               0x20000024   Data           1  device.o(.data)
    usart1_rxlen                             0x20000026   Data           2  device.o(.data)
    usart3_rxlen                             0x20000028   Data           2  device.o(.data)
    usart1_Rx_Data                           0x2000002a   Data           1  device.o(.data)
    usart3_Rx_Data                           0x2000002b   Data           1  device.o(.data)
    t10msRx                                  0x2000002c   Data           1  device.o(.data)
    mRxDataSta                               0x2000002d   Data           1  device.o(.data)
    RxDataStart                              0x2000002e   Data           1  device.o(.data)
    SendEnFlag                               0x2000002f   Data           1  device.o(.data)
    RecCommandFlag                           0x20000030   Data           1  device.o(.data)
    g_LedTable                               0x20000034   Data          80  device.o(.data)
    g_LedNumber                              0x20000084   Data           2  device.o(.data)
    g_USART1_Buffer                          0x20000088   Data          20  device.o(.data)
    g_USART3_Buffer                          0x2000009c   Data          20  device.o(.data)
    g_Usart1OutputBuffer                     0x200000b0   Data          20  device.o(.data)
    g_Usart3OutputBuffer                     0x200000c4   Data          20  device.o(.data)
    g_Usart1OutputStream                     0x200000d8   Data           8  device.o(.data)
    g_Usart3OutputStream                     0x200000e0   Data           8  device.o(.data)
    usart1Temp                               0x200000e8   Data           1  device.o(.data)
    usart3Temp                               0x200000e9   Data           1  device.o(.data)
    f10ms                                    0x200000ea   Data           1  device.o(.data)
    f10ms_2                                  0x200000eb   Data           1  device.o(.data)
    ucTmpCnt                                 0x200000ec   Data           1  device.o(.data)
    rxCpltFlag                               0x200000ed   Data           1  device.o(.data)
    USART1_FRAME                             0x200000f0   Data          80  message.o(.data)
    USART3_FRAME                             0x20000140   Data          80  message.o(.data)
    g_Usart1Parse                            0x20000190   Data          36  message.o(.data)
    g_Usart3Parse                            0x200001b4   Data          36  message.o(.data)
    hspi1                                    0x200001e0   Data          88  spi.o(.bss)
    htim6                                    0x20000238   Data          64  tim.o(.bss)
    htim7                                    0x20000278   Data          64  tim.o(.bss)
    huart1                                   0x200002b8   Data          64  usart.o(.bss)
    huart3                                   0x200002f8   Data          64  usart.o(.bss)
    hdma_usart1_tx                           0x20000338   Data          68  usart.o(.bss)
    hdma_usart3_tx                           0x2000037c   Data          68  usart.o(.bss)
    IMU_Data                                 0x200003c0   Data        2000  mainentry.o(.bss)
    I2cVal_Read                              0x20000b90   Data         188  mainentry.o(.bss)
    usart1_rxbuf                             0x20000c4c   Data         200  device.o(.bss)
    usart3_rxbuf                             0x20000d14   Data         200  device.o(.bss)
    RxBakBuf                                 0x20000ddc   Data         200  device.o(.bss)
    usart3_txbuf                             0x20000ea4   Data        3600  device.o(.bss)
    g_USART1_Buffer_memory                   0x20001cb4   Data         256  device.o(.bss)
    g_USART3_Buffer_memory                   0x20001db4   Data         256  device.o(.bss)
    g_Usart1OutputBuffer_memory              0x20001eb4   Data        2048  device.o(.bss)
    g_Usart3OutputBuffer_memory              0x200026b4   Data        2048  device.o(.bss)
    g_Usart1InputStream                      0x20002eb4   Data          16  device.o(.bss)
    g_Usart3InputStream                      0x20002ec4   Data          16  device.o(.bss)
    crc32_table                              0x20002ed4   Data        1024  device.o(.bss)
    ucAverage_1SBuf                          0x200032d4   Data          32  rs485.o(.bss)
    g_Usart1Parse_memory                     0x200032f4   Data         256  message.o(.bss)
    g_Usart3Parse_memory                     0x200033f4   Data         256  message.o(.bss)
    g_Imu                                    0x200034f4   Data          64  msg_qsens.o(.bss)
    frameConstr                              0x20003534   Data          12  msg_qsens.o(.bss)
    __libspace_start                         0x20003540   Data          96  libspace.o(.bss)
    __temporary_stack_top$libspace           0x200035a0   Data           0  libspace.o(.bss)



==============================================================================

Memory Map of the image

  Image Entry point : 0x08000131

  Load Region LR_IROM1 (Base: 0x08000000, Size: 0x000050b0, Max: 0x00060000, ABSOLUTE, COMPRESSED[0x00004f58])

    Execution Region ER_IROM1 (Base: 0x08000000, Size: 0x00004ee0, Max: 0x00060000, ABSOLUTE)

    Base Addr    Size         Type   Attr      Idx    E Section Name        Object

    0x08000000   0x00000130   Data   RO            3    RESET               startup_stm32f103xe.o
    0x08000130   0x00000008   Code   RO         4234  * !!!main             c_w.l(__main.o)
    0x08000138   0x00000034   Code   RO         4596    !!!scatter          c_w.l(__scatter.o)
    0x0800016c   0x0000005a   Code   RO         4594    !!dczerorl2         c_w.l(__dczerorl2.o)
    0x080001c6   0x00000002   PAD
    0x080001c8   0x0000001c   Code   RO         4598    !!handler_zi        c_w.l(__scatter_zi.o)
    0x080001e4   0x00000002   Code   RO         4403    .ARM.Collect$$libinit$$00000000  c_w.l(libinit.o)
    0x080001e6   0x00000000   Code   RO         4405    .ARM.Collect$$libinit$$00000002  c_w.l(libinit2.o)
    0x080001e6   0x00000000   Code   RO         4407    .ARM.Collect$$libinit$$00000004  c_w.l(libinit2.o)
    0x080001e6   0x00000000   Code   RO         4410    .ARM.Collect$$libinit$$0000000A  c_w.l(libinit2.o)
    0x080001e6   0x00000000   Code   RO         4412    .ARM.Collect$$libinit$$0000000C  c_w.l(libinit2.o)
    0x080001e6   0x00000000   Code   RO         4414    .ARM.Collect$$libinit$$0000000E  c_w.l(libinit2.o)
    0x080001e6   0x00000000   Code   RO         4417    .ARM.Collect$$libinit$$00000011  c_w.l(libinit2.o)
    0x080001e6   0x00000000   Code   RO         4419    .ARM.Collect$$libinit$$00000013  c_w.l(libinit2.o)
    0x080001e6   0x00000000   Code   RO         4421    .ARM.Collect$$libinit$$00000015  c_w.l(libinit2.o)
    0x080001e6   0x00000000   Code   RO         4423    .ARM.Collect$$libinit$$00000017  c_w.l(libinit2.o)
    0x080001e6   0x00000000   Code   RO         4425    .ARM.Collect$$libinit$$00000019  c_w.l(libinit2.o)
    0x080001e6   0x00000000   Code   RO         4427    .ARM.Collect$$libinit$$0000001B  c_w.l(libinit2.o)
    0x080001e6   0x00000000   Code   RO         4429    .ARM.Collect$$libinit$$0000001D  c_w.l(libinit2.o)
    0x080001e6   0x00000000   Code   RO         4431    .ARM.Collect$$libinit$$0000001F  c_w.l(libinit2.o)
    0x080001e6   0x00000000   Code   RO         4433    .ARM.Collect$$libinit$$00000021  c_w.l(libinit2.o)
    0x080001e6   0x00000000   Code   RO         4435    .ARM.Collect$$libinit$$00000023  c_w.l(libinit2.o)
    0x080001e6   0x00000000   Code   RO         4437    .ARM.Collect$$libinit$$00000025  c_w.l(libinit2.o)
    0x080001e6   0x00000000   Code   RO         4441    .ARM.Collect$$libinit$$0000002C  c_w.l(libinit2.o)
    0x080001e6   0x00000000   Code   RO         4443    .ARM.Collect$$libinit$$0000002E  c_w.l(libinit2.o)
    0x080001e6   0x00000000   Code   RO         4445    .ARM.Collect$$libinit$$00000030  c_w.l(libinit2.o)
    0x080001e6   0x00000000   Code   RO         4447    .ARM.Collect$$libinit$$00000032  c_w.l(libinit2.o)
    0x080001e6   0x00000002   Code   RO         4448    .ARM.Collect$$libinit$$00000033  c_w.l(libinit2.o)
    0x080001e8   0x00000002   Code   RO         4573    .ARM.Collect$$libshutdown$$00000000  c_w.l(libshutdown.o)
    0x080001ea   0x00000000   Code   RO         4450    .ARM.Collect$$libshutdown$$00000002  c_w.l(libshutdown2.o)
    0x080001ea   0x00000000   Code   RO         4452    .ARM.Collect$$libshutdown$$00000004  c_w.l(libshutdown2.o)
    0x080001ea   0x00000000   Code   RO         4455    .ARM.Collect$$libshutdown$$00000007  c_w.l(libshutdown2.o)
    0x080001ea   0x00000000   Code   RO         4458    .ARM.Collect$$libshutdown$$0000000A  c_w.l(libshutdown2.o)
    0x080001ea   0x00000000   Code   RO         4460    .ARM.Collect$$libshutdown$$0000000C  c_w.l(libshutdown2.o)
    0x080001ea   0x00000000   Code   RO         4463    .ARM.Collect$$libshutdown$$0000000F  c_w.l(libshutdown2.o)
    0x080001ea   0x00000002   Code   RO         4464    .ARM.Collect$$libshutdown$$00000010  c_w.l(libshutdown2.o)
    0x080001ec   0x00000000   Code   RO         4268    .ARM.Collect$$rtentry$$00000000  c_w.l(__rtentry.o)
    0x080001ec   0x00000000   Code   RO         4290    .ARM.Collect$$rtentry$$00000002  c_w.l(__rtentry2.o)
    0x080001ec   0x00000006   Code   RO         4302    .ARM.Collect$$rtentry$$00000004  c_w.l(__rtentry4.o)
    0x080001f2   0x00000000   Code   RO         4292    .ARM.Collect$$rtentry$$00000009  c_w.l(__rtentry2.o)
    0x080001f2   0x00000004   Code   RO         4293    .ARM.Collect$$rtentry$$0000000A  c_w.l(__rtentry2.o)
    0x080001f6   0x00000000   Code   RO         4295    .ARM.Collect$$rtentry$$0000000C  c_w.l(__rtentry2.o)
    0x080001f6   0x00000008   Code   RO         4296    .ARM.Collect$$rtentry$$0000000D  c_w.l(__rtentry2.o)
    0x080001fe   0x00000002   Code   RO         4471    .ARM.Collect$$rtexit$$00000000  c_w.l(rtexit.o)
    0x08000200   0x00000000   Code   RO         4519    .ARM.Collect$$rtexit$$00000002  c_w.l(rtexit2.o)
    0x08000200   0x00000004   Code   RO         4520    .ARM.Collect$$rtexit$$00000003  c_w.l(rtexit2.o)
    0x08000204   0x00000006   Code   RO         4521    .ARM.Collect$$rtexit$$00000004  c_w.l(rtexit2.o)
    0x0800020a   0x00000002   PAD
    0x0800020c   0x00000040   Code   RO            4    .text               startup_stm32f103xe.o
    0x0800024c   0x0000008a   Code   RO         4224    .text               c_w.l(rt_memcpy_v6.o)
    0x080002d6   0x00000064   Code   RO         4226    .text               c_w.l(rt_memcpy_w.o)
    0x0800033a   0x0000004e   Code   RO         4228    .text               c_w.l(rt_memclr_w.o)
    0x08000388   0x00000006   Code   RO         4232    .text               c_w.l(heapauxi.o)
    0x0800038e   0x0000004a   Code   RO         4321    .text               c_w.l(sys_stackheap_outer.o)
    0x080003d8   0x00000012   Code   RO         4392    .text               c_w.l(exit.o)
    0x080003ea   0x00000002   PAD
    0x080003ec   0x00000008   Code   RO         4465    .text               c_w.l(libspace.o)
    0x080003f4   0x00000002   Code   RO         4468    .text               c_w.l(use_no_semi.o)
    0x080003f6   0x00000000   Code   RO         4470    .text               c_w.l(indicate_semi.o)
    0x080003f6   0x00000002   PAD
    0x080003f8   0x0000000c   Code   RO         4516    .text               c_w.l(sys_exit.o)
    0x08000404   0x00000004   Code   RO         2885    i.BusFault_Handler  stm32f1xx_it.o
    0x08000408   0x0000001a   Code   RO         3868    i.CalculateCheckSum  parseframe.o
    0x08000422   0x00000010   Code   RO         3877    i.CheckSectionBegin  parseframe.o
    0x08000432   0x0000002e   Code   RO         3878    i.CheckSectionEnd   parseframe.o
    0x08000460   0x00000024   Code   RO         3110    i.ClearCircularBuffer  global.o
    0x08000484   0x00000010   Code   RO         3881    i.ClearFrameConstructor  parseframe.o
    0x08000494   0x00000028   Code   RO         3882    i.ClearParseParam   parseframe.o
    0x080004bc   0x00000010   Code   RO         2886    i.DMA1_Channel2_IRQHandler  stm32f1xx_it.o
    0x080004cc   0x00000010   Code   RO         2887    i.DMA1_Channel4_IRQHandler  stm32f1xx_it.o
    0x080004dc   0x0000002c   Code   RO         2091    i.DMA_SetConfig     stm32f1xx_hal_dma.o
    0x08000508   0x00000188   Code   RO         3391    i.Data_Store        rs485.o
    0x08000690   0x00000002   Code   RO         2888    i.DebugMon_Handler  stm32f1xx_it.o
    0x08000692   0x0000000e   Code   RO         3885    i.FrameBegin        parseframe.o
    0x080006a0   0x0000000e   Code   RO         3886    i.FrameEnd          parseframe.o
    0x080006ae   0x0000000a   Code   RO         3113    i.GetDoubleBuffer   global.o
    0x080006b8   0x0000000e   Code   RO         3114    i.GetDoubleBufferLength  global.o
    0x080006c6   0x00000002   PAD
    0x080006c8   0x000001a8   Code   RO         2093    i.HAL_DMA_Abort_IT  stm32f1xx_hal_dma.o
    0x08000870   0x00000398   Code   RO         2097    i.HAL_DMA_IRQHandler  stm32f1xx_hal_dma.o
    0x08000c08   0x00000094   Code   RO         2098    i.HAL_DMA_Init      stm32f1xx_hal_dma.o
    0x08000c9c   0x0000009c   Code   RO         2102    i.HAL_DMA_Start_IT  stm32f1xx_hal_dma.o
    0x08000d38   0x00000028   Code   RO         1730    i.HAL_Delay         stm32f1xx_hal.o
    0x08000d60   0x00000340   Code   RO         2028    i.HAL_GPIO_Init     stm32f1xx_hal_gpio.o
    0x080010a0   0x00000010   Code   RO         2030    i.HAL_GPIO_ReadPin  stm32f1xx_hal_gpio.o
    0x080010b0   0x00000008   Code   RO         2031    i.HAL_GPIO_TogglePin  stm32f1xx_hal_gpio.o
    0x080010b8   0x0000000c   Code   RO         2032    i.HAL_GPIO_WritePin  stm32f1xx_hal_gpio.o
    0x080010c4   0x0000000c   Code   RO         1734    i.HAL_GetTick       stm32f1xx_hal.o
    0x080010d0   0x00000018   Code   RO         1738    i.HAL_IncTick       stm32f1xx_hal.o
    0x080010e8   0x00000028   Code   RO         1739    i.HAL_Init          stm32f1xx_hal.o
    0x08001110   0x0000004c   Code   RO         1740    i.HAL_InitTick      stm32f1xx_hal.o
    0x0800115c   0x000000a8   Code   RO         2997    i.HAL_MspInit       stm32f1xx_hal_msp.o
    0x08001204   0x0000001a   Code   RO         2188    i.HAL_NVIC_EnableIRQ  stm32f1xx_hal_cortex.o
    0x0800121e   0x0000007c   Code   RO         2194    i.HAL_NVIC_SetPriority  stm32f1xx_hal_cortex.o
    0x0800129a   0x00000002   PAD
    0x0800129c   0x00000028   Code   RO         2195    i.HAL_NVIC_SetPriorityGrouping  stm32f1xx_hal_cortex.o
    0x080012c4   0x000001a4   Code   RO         1883    i.HAL_RCC_ClockConfig  stm32f1xx_hal_rcc.o
    0x08001468   0x0000000c   Code   RO         1888    i.HAL_RCC_GetHCLKFreq  stm32f1xx_hal_rcc.o
    0x08001474   0x00000020   Code   RO         1890    i.HAL_RCC_GetPCLK1Freq  stm32f1xx_hal_rcc.o
    0x08001494   0x00000020   Code   RO         1891    i.HAL_RCC_GetPCLK2Freq  stm32f1xx_hal_rcc.o
    0x080014b4   0x00000094   Code   RO         1892    i.HAL_RCC_GetSysClockFreq  stm32f1xx_hal_rcc.o
    0x08001548   0x00000440   Code   RO         1895    i.HAL_RCC_OscConfig  stm32f1xx_hal_rcc.o
    0x08001988   0x00000086   Code   RO          494    i.HAL_SPI_Init      stm32f1xx_hal_spi_ex.o
    0x08001a0e   0x00000002   PAD
    0x08001a10   0x00000060   Code   RO         2748    i.HAL_SPI_MspInit   spi.o
    0x08001a70   0x0000016c   Code   RO          185    i.HAL_SPI_Receive   stm32f1xx_hal_spi.o
    0x08001bdc   0x000001a6   Code   RO          190    i.HAL_SPI_Transmit  stm32f1xx_hal_spi.o
    0x08001d82   0x0000021e   Code   RO          191    i.HAL_SPI_TransmitReceive  stm32f1xx_hal_spi.o
    0x08001fa0   0x00000028   Code   RO         2197    i.HAL_SYSTICK_CLKSourceConfig  stm32f1xx_hal_cortex.o
    0x08001fc8   0x00000002   Code   RO         2198    i.HAL_SYSTICK_Callback  stm32f1xx_hal_cortex.o
    0x08001fca   0x00000034   Code   RO         2199    i.HAL_SYSTICK_Config  stm32f1xx_hal_cortex.o
    0x08001ffe   0x00000008   Code   RO         2200    i.HAL_SYSTICK_IRQHandler  stm32f1xx_hal_cortex.o
    0x08002006   0x00000002   Code   RO         1159    i.HAL_TIMEx_BreakCallback  stm32f1xx_hal_tim_ex.o
    0x08002008   0x00000002   Code   RO         1160    i.HAL_TIMEx_CommutationCallback  stm32f1xx_hal_tim_ex.o
    0x0800200a   0x00000062   Code   RO         1176    i.HAL_TIMEx_MasterConfigSynchronization  stm32f1xx_hal_tim_ex.o
    0x0800206c   0x00000034   Code   RO          520    i.HAL_TIM_Base_Init  stm32f1xx_hal_tim.o
    0x080020a0   0x0000007c   Code   RO         2790    i.HAL_TIM_Base_MspInit  tim.o
    0x0800211c   0x0000001e   Code   RO          525    i.HAL_TIM_Base_Start_IT  stm32f1xx_hal_tim.o
    0x0800213a   0x00000002   Code   RO          549    i.HAL_TIM_IC_CaptureCallback  stm32f1xx_hal_tim.o
    0x0800213c   0x00000196   Code   RO          562    i.HAL_TIM_IRQHandler  stm32f1xx_hal_tim.o
    0x080022d2   0x00000002   Code   RO          565    i.HAL_TIM_OC_DelayElapsedCallback  stm32f1xx_hal_tim.o
    0x080022d4   0x00000002   Code   RO          592    i.HAL_TIM_PWM_PulseFinishedCallback  stm32f1xx_hal_tim.o
    0x080022d6   0x00000002   PAD
    0x080022d8   0x000000f0   Code   RO         3215    i.HAL_TIM_PeriodElapsedCallback  device.o
    0x080023c8   0x00000002   Code   RO          603    i.HAL_TIM_TriggerCallback  stm32f1xx_hal_tim.o
    0x080023ca   0x00000002   PAD
    0x080023cc   0x00000068   Code   RO         3216    i.HAL_UART_ErrorCallback  device.o
    0x08002434   0x00000006   Code   RO         1414    i.HAL_UART_GetError  stm32f1xx_hal_uart.o
    0x0800243a   0x00000002   PAD
    0x0800243c   0x0000014c   Code   RO         1416    i.HAL_UART_IRQHandler  stm32f1xx_hal_uart.o
    0x08002588   0x00000072   Code   RO         1417    i.HAL_UART_Init     stm32f1xx_hal_uart.o
    0x080025fa   0x00000002   PAD
    0x080025fc   0x00000164   Code   RO         2838    i.HAL_UART_MspInit  usart.o
    0x08002760   0x00000070   Code   RO         1422    i.HAL_UART_Receive_IT  stm32f1xx_hal_uart.o
    0x080027d0   0x00000038   Code   RO         3217    i.HAL_UART_RxCpltCallback  device.o
    0x08002808   0x0000009c   Code   RO         1426    i.HAL_UART_Transmit_DMA  stm32f1xx_hal_uart.o
    0x080028a4   0x00000058   Code   RO         1427    i.HAL_UART_Transmit_IT  stm32f1xx_hal_uart.o
    0x080028fc   0x00000044   Code   RO         3218    i.HAL_UART_TxCpltCallback  device.o
    0x08002940   0x00000002   Code   RO         1429    i.HAL_UART_TxHalfCpltCallback  stm32f1xx_hal_uart.o
    0x08002942   0x00000004   Code   RO         2889    i.HardFault_Handler  stm32f1xx_it.o
    0x08002946   0x00000002   PAD
    0x08002948   0x0000002c   Code   RO         3021    i.HeartPulse        mainentry.o
    0x08002974   0x00000050   Code   RO         3448    i.I2C_Ack           dvc_at24c01_noinout.o
    0x080029c4   0x0000005e   Code   RO         3449    i.I2C_BufferWrite   dvc_at24c01_noinout.o
    0x08002a22   0x00000002   PAD
    0x08002a24   0x00000044   Code   RO         3450    i.I2C_NoAck         dvc_at24c01_noinout.o
    0x08002a68   0x00000152   Code   RO         3451    i.I2C_PageWrite     dvc_at24c01_noinout.o
    0x08002bba   0x00000070   Code   RO         3452    i.I2C_ReadByte      dvc_at24c01_noinout.o
    0x08002c2a   0x00000002   PAD
    0x08002c2c   0x00000060   Code   RO         3453    i.I2C_ReceiveByte   dvc_at24c01_noinout.o
    0x08002c8c   0x00000068   Code   RO         3454    i.I2C_SendByte      dvc_at24c01_noinout.o
    0x08002cf4   0x00000060   Code   RO         3455    i.I2C_Start         dvc_at24c01_noinout.o
    0x08002d54   0x00000044   Code   RO         3456    i.I2C_Stop          dvc_at24c01_noinout.o
    0x08002d98   0x00000068   Code   RO         3458    i.I2C_WaitAck       dvc_at24c01_noinout.o
    0x08002e00   0x0000000e   Code   RO         3460    i.I2C_delay         dvc_at24c01_noinout.o
    0x08002e0e   0x00000002   PAD
    0x08002e10   0x00000050   Code   RO         3319    i.ICM20602_DevieceSPI_ReadBytes  dvc_icm20602.o
    0x08002e60   0x00000044   Code   RO         3320    i.ICM20602_DevieceSPI_ReadOneByte  dvc_icm20602.o
    0x08002ea4   0x00000044   Code   RO         3322    i.ICM20602_DevieceSPI_WriteOneByte  dvc_icm20602.o
    0x08002ee8   0x0000008e   Code   RO         3324    i.ICM20602_Init     dvc_icm20602.o
    0x08002f76   0x00000084   Code   RO         3325    i.ICM20602_READ_Imu  dvc_icm20602.o
    0x08002ffa   0x00000002   PAD
    0x08002ffc   0x00000144   Code   RO         3219    i.InitDevice        device.o
    0x08003140   0x0000002c   Code   RO         3908    i.InitFrameParse    parseframe.o
    0x0800316c   0x0000003c   Code   RO         3744    i.InitMessage       message.o
    0x080031a8   0x00000030   Code   RO         3624    i.LED_Toggle        enhancedstm32.o
    0x080031d8   0x00000030   Code   RO         3629    i.LED_TurnOnAll     enhancedstm32.o
    0x08003208   0x00000010   Code   RO         3910    i.LengthSectionBegin  parseframe.o
    0x08003218   0x0000002a   Code   RO         3911    i.LengthSectionEnd  parseframe.o
    0x08003242   0x00000002   PAD
    0x08003244   0x00000044   Code   RO         2723    i.MX_DMA_Init       dma.o
    0x08003288   0x00000120   Code   RO         2699    i.MX_GPIO_Init      gpio.o
    0x080033a8   0x00000058   Code   RO         2749    i.MX_SPI1_Init      spi.o
    0x08003400   0x0000005c   Code   RO         2791    i.MX_TIM6_Init      tim.o
    0x0800345c   0x0000005c   Code   RO         2792    i.MX_TIM7_Init      tim.o
    0x080034b8   0x0000004c   Code   RO         2839    i.MX_USART1_UART_Init  usart.o
    0x08003504   0x0000004c   Code   RO         2840    i.MX_USART3_UART_Init  usart.o
    0x08003550   0x00000148   Code   RO         3022    i.MainEntry         mainentry.o
    0x08003698   0x0000002a   Code   RO         3912    i.MarkLengthPosition  parseframe.o
    0x080036c2   0x00000004   Code   RO         2890    i.MemManage_Handler  stm32f1xx_it.o
    0x080036c6   0x00000002   Code   RO         2891    i.NMI_Handler       stm32f1xx_it.o
    0x080036c8   0x00000010   Code   RO         2201    i.NVIC_GetPriorityGrouping  stm32f1xx_hal_cortex.o
    0x080036d8   0x00000028   Code   RO         2202    i.NVIC_SetPriority  stm32f1xx_hal_cortex.o
    0x08003700   0x0000003e   Code   RO         3913    i.ParseFrame        parseframe.o
    0x0800373e   0x000002f8   Code   RO         3914    i.ParseFrameByte    parseframe.o
    0x08003a36   0x00000002   PAD
    0x08003a38   0x00000018   Code   RO         3745    i.ParseFrameUsart1  message.o
    0x08003a50   0x00000018   Code   RO         3746    i.ParseFrameUsart3  message.o
    0x08003a68   0x00000002   Code   RO         2892    i.PendSV_Handler    stm32f1xx_it.o
    0x08003a6a   0x00000052   Code   RO         3116    i.PopCircularBuffer  global.o
    0x08003abc   0x0000001c   Code   RO         3119    i.PushBytesDoubleBuffer  global.o
    0x08003ad8   0x000000b8   Code   RO         3120    i.PushCircularBuffer  global.o
    0x08003b90   0x00000042   Code   RO         3121    i.PushDoubleBuffer  global.o
    0x08003bd2   0x00000018   Code   RO         3123    i.PushWordDoubleBuffer  global.o
    0x08003bea   0x00000026   Code   RO         3785    i.QSENS_BinFrameCheck  msg_qsens.o
    0x08003c10   0x00000014   Code   RO         3786    i.QSENS_BinFrameLength  msg_qsens.o
    0x08003c24   0x00000118   Code   RO         3787    i.QSENS_BinFrameParse  msg_qsens.o
    0x08003d3c   0x00000024   Code   RO         3789    i.QSENS_BinInit     msg_qsens.o
    0x08003d60   0x00000090   Code   RO         3792    i.QSENS_MakeImuFrame2  msg_qsens.o
    0x08003df0   0x00000028   Code   RO         1896    i.RCC_Delay         stm32f1xx_hal_rcc.o
    0x08003e18   0x00000024   Code   RO         3633    i.RecieveInputStream_IT  enhancedstm32.o
    0x08003e3c   0x00000028   Code   RO          206    i.SPI_CheckFlag_BSY  stm32f1xx_hal_spi.o
    0x08003e64   0x000000aa   Code   RO          225    i.SPI_WaitFlagStateUntilTimeout  stm32f1xx_hal_spi.o
    0x08003f0e   0x00000002   Code   RO         2893    i.SVC_Handler       stm32f1xx_it.o
    0x08003f10   0x0000008c   Code   RO         3634    i.SendDoubleBuffer  enhancedstm32.o
    0x08003f9c   0x0000000c   Code   RO         2894    i.SysTick_Handler   stm32f1xx_it.o
    0x08003fa8   0x00000090   Code   RO         2642    i.SystemClock_Config  main.o
    0x08004038   0x00000058   Code   RO           14    i.SystemInit        system_stm32f1xx.o
    0x08004090   0x00000010   Code   RO         2895    i.TIM6_IRQHandler   stm32f1xx_it.o
    0x080040a0   0x00000010   Code   RO         2896    i.TIM7_IRQHandler   stm32f1xx_it.o
    0x080040b0   0x00000098   Code   RO          604    i.TIM_Base_SetConfig  stm32f1xx_hal_tim.o
    0x08004148   0x00000014   Code   RO         1430    i.UART_DMAAbortOnError  stm32f1xx_hal_uart.o
    0x0800415c   0x00000050   Code   RO         1431    i.UART_DMAError     stm32f1xx_hal_uart.o
    0x080041ac   0x00000036   Code   RO         1436    i.UART_DMATransmitCplt  stm32f1xx_hal_uart.o
    0x080041e2   0x0000000e   Code   RO         1438    i.UART_DMATxHalfCplt  stm32f1xx_hal_uart.o
    0x080041f0   0x00000020   Code   RO         1440    i.UART_EndRxTransfer  stm32f1xx_hal_uart.o
    0x08004210   0x00000020   Code   RO         1441    i.UART_EndTransmit_IT  stm32f1xx_hal_uart.o
    0x08004230   0x00000014   Code   RO         1442    i.UART_EndTxTransfer  stm32f1xx_hal_uart.o
    0x08004244   0x0000001c   Code   RO         3636    i.UART_LinkInputStream_IT  enhancedstm32.o
    0x08004260   0x000000a6   Code   RO         1443    i.UART_Receive_IT   stm32f1xx_hal_uart.o
    0x08004306   0x00000002   PAD
    0x08004308   0x000001c8   Code   RO         1444    i.UART_SetConfig    stm32f1xx_hal_uart.o
    0x080044d0   0x00000068   Code   RO         1445    i.UART_Transmit_IT  stm32f1xx_hal_uart.o
    0x08004538   0x00000010   Code   RO         2897    i.USART1_IRQHandler  stm32f1xx_it.o
    0x08004548   0x00000010   Code   RO         2898    i.USART3_IRQHandler  stm32f1xx_it.o
    0x08004558   0x00000004   Code   RO         2899    i.UsageFault_Handler  stm32f1xx_it.o
    0x0800455c   0x00000004   Code   RO         2643    i._Error_Handler    main.o
    0x08004560   0x0000002c   Code   RO         2644    i.main              main.o
    0x0800458c   0x0000003c   Code   RO         3223    i.make_crc32_table  device.o
    0x080045c8   0x00000062   Code   RO         4236    x$fpl$d2f           fz_ws.l(d2f.o)
    0x0800462a   0x00000002   PAD
    0x0800462c   0x00000150   Code   RO         4238    x$fpl$dadd          fz_ws.l(daddsub_clz.o)
    0x0800477c   0x000002b0   Code   RO         4245    x$fpl$ddiv          fz_ws.l(ddiv.o)
    0x08004a2c   0x0000005e   Code   RO         4248    x$fpl$dfix          fz_ws.l(dfix.o)
    0x08004a8a   0x0000002e   Code   RO         4253    x$fpl$dflt          fz_ws.l(dflt_clz.o)
    0x08004ab8   0x00000154   Code   RO         4258    x$fpl$dmul          fz_ws.l(dmul.o)
    0x08004c0c   0x0000009c   Code   RO         4280    x$fpl$dnaninf       fz_ws.l(dnaninf.o)
    0x08004ca8   0x0000000c   Code   RO         4282    x$fpl$dretinf       fz_ws.l(dretinf.o)
    0x08004cb4   0x000001d4   Code   RO         4240    x$fpl$dsub          fz_ws.l(daddsub_clz.o)
    0x08004e88   0x0000000a   Code   RO         4286    x$fpl$fretinf       fz_ws.l(fretinf.o)
    0x08004e92   0x00000000   Code   RO         4288    x$fpl$usenofp       fz_ws.l(usenofp.o)
    0x08004e92   0x00000018   Data   RO           15    .constdata          system_stm32f1xx.o
    0x08004eaa   0x00000002   PAD
    0x08004eac   0x00000014   Data   RO         3024    .constdata          mainentry.o
    0x08004ec0   0x00000020   Data   RO         4592    Region$$Table       anon$$obj.o


    Execution Region RW_IRAM1 (Base: 0x20000010, Size: 0x00005f90, Max: 0x0000fff0, ABSOLUTE, COMPRESSED[0x00000078])

    Base Addr    Size         Type   Attr      Idx    E Section Name        Object

    0x20000010   0x00000004   Data   RW           16    .data               system_stm32f1xx.o
    0x20000014   0x00000009   Data   RW         1746    .data               stm32f1xx_hal.o
    0x2000001d   0x00000003   PAD
    0x20000020   0x00000004   Data   RW         3025    .data               mainentry.o
    0x20000024   0x000000ca   Data   RW         3226    .data               device.o
    0x200000ee   0x00000002   PAD
    0x200000f0   0x000000e8   Data   RW         3748    .data               message.o
    0x200001d8   0x00000008   Data   RW         3794    .data               msg_qsens.o
    0x200001e0   0x00000058   Zero   RW         2750    .bss                spi.o
    0x20000238   0x00000080   Zero   RW         2793    .bss                tim.o
    0x200002b8   0x00000108   Zero   RW         2841    .bss                usart.o
    0x200003c0   0x0000088c   Zero   RW         3023    .bss                mainentry.o
    0x20000c4c   0x00002688   Zero   RW         3225    .bss                device.o
    0x200032d4   0x00000020   Zero   RW         3392    .bss                rs485.o
    0x200032f4   0x00000200   Zero   RW         3747    .bss                message.o
    0x200034f4   0x0000004c   Zero   RW         3793    .bss                msg_qsens.o
    0x20003540   0x00000060   Zero   RW         4466    .bss                c_w.l(libspace.o)
    0x200035a0   0x00000200   Zero   RW            2    HEAP                startup_stm32f103xe.o
    0x200037a0   0x00002800   Zero   RW            1    STACK               startup_stm32f103xe.o


==============================================================================

Image component sizes


      Code (inc. data)   RO Data    RW Data    ZI Data      Debug   Object Name

       852        176          0        202       9864       6997   device.o
        68          4          0          0          0        698   dma.o
      1174         62          0          0          0       6517   dvc_at24c01_noinout.o
       490         26          0          0          0       3313   dvc_icm20602.o
       300         32          0          0          0       4793   enhancedstm32.o
       444          0          0          0          0       4775   global.o
       288         22          0          0          0        955   gpio.o
       192         16          0          0          0       1469   main.o
       372         42         20          4       2188      11718   mainentry.o
       108         32          0        232        512       2348   message.o
       518         46          0          8         76      12741   msg_qsens.o
      1138          0          0          0          0       8784   parseframe.o
       392         40          0          0         32       4144   rs485.o
       184         36          0          0         88       1501   spi.o
        64         26        304          0      10752        796   startup_stm32f103xe.o
       192         36          0          9          0       3721   stm32f1xx_hal.o
       348         22          0          0          0      27677   stm32f1xx_hal_cortex.o
      1692         28          0          0          0       4538   stm32f1xx_hal_dma.o
       868         42          0          0          0       3812   stm32f1xx_hal_gpio.o
       168         10          0          0          0        906   stm32f1xx_hal_msp.o
      1772        108          0          0          0       5816   stm32f1xx_hal_rcc.o
      1538          0          0          0          0       5735   stm32f1xx_hal_spi.o
       134          0          0          0          0       1027   stm32f1xx_hal_spi_ex.o
       648         20          0          0          0       5283   stm32f1xx_hal_tim.o
       102          0          0          0          0       2194   stm32f1xx_hal_tim_ex.o
      1788         26          0          0          0      11229   stm32f1xx_hal_uart.o
       132         36          0          0          0       6332   stm32f1xx_it.o
        88         18         24          4          0     484567   system_stm32f1xx.o
       308         60          0          0        128       2011   tim.o
       508        102          0          0        264       2285   usart.o

    ----------------------------------------------------------------------
     16900       1068        382        464      23904     638682   Object Totals
         0          0         32          0          0          0   (incl. Generated)
        30          0          2          5          0          0   (incl. Padding)

    ----------------------------------------------------------------------

      Code (inc. data)   RO Data    RW Data    ZI Data      Debug   Library Member Name

        90          0          0          0          0          0   __dczerorl2.o
         8          0          0          0          0         68   __main.o
         0          0          0          0          0          0   __rtentry.o
        12          0          0          0          0          0   __rtentry2.o
         6          0          0          0          0          0   __rtentry4.o
        52          8          0          0          0          0   __scatter.o
        28          0          0          0          0          0   __scatter_zi.o
        18          0          0          0          0         80   exit.o
         6          0          0          0          0        152   heapauxi.o
         0          0          0          0          0          0   indicate_semi.o
         2          0          0          0          0          0   libinit.o
         2          0          0          0          0          0   libinit2.o
         2          0          0          0          0          0   libshutdown.o
         2          0          0          0          0          0   libshutdown2.o
         8          4          0          0         96         68   libspace.o
        78          0          0          0          0         80   rt_memclr_w.o
       138          0          0          0          0         68   rt_memcpy_v6.o
       100          0          0          0          0         80   rt_memcpy_w.o
         2          0          0          0          0          0   rtexit.o
        10          0          0          0          0          0   rtexit2.o
        12          4          0          0          0         68   sys_exit.o
        74          0          0          0          0         80   sys_stackheap_outer.o
         2          0          0          0          0         68   use_no_semi.o
        98          4          0          0          0         92   d2f.o
       804         16          0          0          0        272   daddsub_clz.o
       688        140          0          0          0        208   ddiv.o
        94          4          0          0          0         92   dfix.o
        46          0          0          0          0         68   dflt_clz.o
       340         12          0          0          0        104   dmul.o
       156          4          0          0          0         92   dnaninf.o
        12          0          0          0          0         68   dretinf.o
        10          0          0          0          0         68   fretinf.o
         0          0          0          0          0          0   usenofp.o

    ----------------------------------------------------------------------
      2910        196          0          0         96       1876   Library Totals
        10          0          0          0          0          0   (incl. Padding)

    ----------------------------------------------------------------------

      Code (inc. data)   RO Data    RW Data    ZI Data      Debug   Library Name

       652         16          0          0         96        812   c_w.l
      2248        180          0          0          0       1064   fz_ws.l

    ----------------------------------------------------------------------
      2910        196          0          0         96       1876   Library Totals

    ----------------------------------------------------------------------

==============================================================================


      Code (inc. data)   RO Data    RW Data    ZI Data      Debug   

     19810       1264        382        464      24000     632026   Grand Totals
     19810       1264        382        120      24000     632026   ELF Image Totals (compressed)
     19810       1264        382        120          0          0   ROM Totals

==============================================================================

    Total RO  Size (Code + RO Data)                20192 (  19.72kB)
    Total RW  Size (RW Data + ZI Data)             24464 (  23.89kB)
    Total ROM Size (Code + RO Data + RW Data)      20312 (  19.84kB)

==============================================================================

